  activesupport (4.0.2) lib/active_support/notifications.rb:159:in `instrument'
  actionpack (4.0.2) lib/action_controller/metal/instrumentation.rb:30:in `process_action'
  actionpack (4.0.2) lib/action_controller/metal/params_wrapper.rb:245:in `process_action'
  activerecord (4.0.2) lib/active_record/railties/controller_runtime.rb:18:in `process_action'
  actionpack (4.0.2) lib/abstract_controller/base.rb:136:in `process'
  actionpack (4.0.2) lib/abstract_controller/rendering.rb:44:in `process'
  actionpack (4.0.2) lib/action_controller/metal.rb:195:in `dispatch'
  actionpack (4.0.2) lib/action_controller/metal/rack_delegation.rb:13:in `dispatch'
  actionpack (4.0.2) lib/action_controller/metal.rb:231:in `block in action'
  actionpack (4.0.2) lib/action_dispatch/routing/route_set.rb:80:in `call'
  actionpack (4.0.2) lib/action_dispatch/routing/route_set.rb:80:in `dispatch'
  actionpack (4.0.2) lib/action_dispatch/routing/route_set.rb:48:in `call'
  actionpack (4.0.2) lib/action_dispatch/journey/router.rb:71:in `block in call'
  actionpack (4.0.2) lib/action_dispatch/journey/router.rb:59:in `each'
  actionpack (4.0.2) lib/action_dispatch/journey/router.rb:59:in `call'
  actionpack (4.0.2) lib/action_dispatch/routing/route_set.rb:680:in `call'
  rack (1.5.2) lib/rack/etag.rb:23:in `call'
  rack (1.5.2) lib/rack/conditionalget.rb:35:in `call'
  rack (1.5.2) lib/rack/head.rb:11:in `call'
  actionpack (4.0.2) lib/action_dispatch/middleware/params_parser.rb:27:in `call'
  actionpack (4.0.2) lib/action_dispatch/middleware/flash.rb:241:in `call'
  rack (1.5.2) lib/rack/session/abstract/id.rb:225:in `context'
  rack (1.5.2) lib/rack/session/abstract/id.rb:220:in `call'
  actionpack (4.0.2) lib/action_dispatch/middleware/cookies.rb:486:in `call'
  activerecord (4.0.2) lib/active_record/query_cache.rb:36:in `call'
  activerecord (4.0.2) lib/active_record/connection_adapters/abstract/connection_pool.rb:626:in `call'
  actionpack (4.0.2) lib/action_dispatch/middleware/callbacks.rb:29:in `block in call'
  activesupport (4.0.2) lib/active_support/callbacks.rb:373:in `_run__1953476353107433623__call__callbacks'
  activesupport (4.0.2) lib/active_support/callbacks.rb:80:in `run_callbacks'
  actionpack (4.0.2) lib/action_dispatch/middleware/callbacks.rb:27:in `call'
  actionpack (4.0.2) lib/action_dispatch/middleware/remote_ip.rb:76:in `call'
  actionpack (4.0.2) lib/action_dispatch/middleware/debug_exceptions.rb:17:in `call'
  actionpack (4.0.2) lib/action_dispatch/middleware/show_exceptions.rb:30:in `call'
  railties (4.0.2) lib/rails/rack/logger.rb:38:in `call_app'
  railties (4.0.2) lib/rails/rack/logger.rb:20:in `block in call'
  activesupport (4.0.2) lib/active_support/tagged_logging.rb:67:in `block in tagged'
  activesupport (4.0.2) lib/active_support/tagged_logging.rb:25:in `tagged'
  activesupport (4.0.2) lib/active_support/tagged_logging.rb:67:in `tagged'
  railties (4.0.2) lib/rails/rack/logger.rb:20:in `call'
  actionpack (4.0.2) lib/action_dispatch/middleware/request_id.rb:21:in `call'
  rack (1.5.2) lib/rack/methodoverride.rb:21:in `call'
  rack (1.5.2) lib/rack/runtime.rb:17:in `call'
  activesupport (4.0.2) lib/active_support/cache/strategy/local_cache.rb:83:in `call'
  rack (1.5.2) lib/rack/sendfile.rb:112:in `call'
  railties (4.0.2) lib/rails/engine.rb:511:in `call'
  railties (4.0.2) lib/rails/application.rb:97:in `call'
  unicorn (4.8.3) lib/unicorn/http_server.rb:576:in `process_client'
  unicorn (4.8.3) lib/unicorn/http_server.rb:670:in `worker_loop'
  unicorn (4.8.3) lib/unicorn/http_server.rb:525:in `spawn_missing_workers'
  unicorn (4.8.3) lib/unicorn/http_server.rb:140:in `start'
  unicorn (4.8.3) bin/unicorn:126:in `<top (required)>'
  /usr/local/rvm/gems/ruby-2.1.3/bin/unicorn:23:in `load'
  /usr/local/rvm/gems/ruby-2.1.3/bin/unicorn:23:in `<main>'
  /usr/local/rvm/gems/ruby-2.0.0-p353/bin/ruby_executable_hooks:15:in `eval'
  /usr/local/rvm/gems/ruby-2.0.0-p353/bin/ruby_executable_hooks:15:in `<main>'


I, [2015-03-15T17:46:12.374597 #18211]  INFO -- : Started POST "/access_points" for 127.0.0.1 at 2015-03-15 17:46:12 +0000
I, [2015-03-15T17:46:12.380165 #18211]  INFO -- : Processing by AccessPointsController#create as */*
W, [2015-03-15T17:46:12.381750 #18211]  WARN -- : Can't verify CSRF token authenticity
I, [2015-03-15T17:46:12.382464 #18211]  INFO -- : Completed 422 Unprocessable Entity in 2ms
F, [2015-03-15T17:46:12.385631 #18211] FATAL -- : 
ActionController::InvalidAuthenticityToken (ActionController::InvalidAuthenticityToken):
  actionpack (4.0.2) lib/action_controller/metal/request_forgery_protection.rb:163:in `handle_unverified_request'
  actionpack (4.0.2) lib/action_controller/metal/request_forgery_protection.rb:170:in `handle_unverified_request'
  actionpack (4.0.2) lib/action_controller/metal/request_forgery_protection.rb:177:in `verify_authenticity_token'
  activesupport (4.0.2) lib/active_support/callbacks.rb:377:in `_run__2913822028700469514__process_action__callbacks'
  activesupport (4.0.2) lib/active_support/callbacks.rb:80:in `run_callbacks'
  actionpack (4.0.2) lib/abstract_controller/callbacks.rb:17:in `process_action'
  actionpack (4.0.2) lib/action_controller/metal/rescue.rb:29:in `process_action'
  actionpack (4.0.2) lib/action_controller/metal/instrumentation.rb:31:in `block in process_action'
  activesupport (4.0.2) lib/active_support/notifications.rb:159:in `block in instrument'
  activesupport (4.0.2) lib/active_support/notifications/instrumenter.rb:20:in `instrument'
  activesupport (4.0.2) lib/active_support/notifications.rb:159:in `instrument'
  actionpack (4.0.2) lib/action_controller/metal/instrumentation.rb:30:in `process_action'
  actionpack (4.0.2) lib/action_controller/metal/params_wrapper.rb:245:in `process_action'
  activerecord (4.0.2) lib/active_record/railties/controller_runtime.rb:18:in `process_action'
  actionpack (4.0.2) lib/abstract_controller/base.rb:136:in `process'
  actionpack (4.0.2) lib/abstract_controller/rendering.rb:44:in `process'
  actionpack (4.0.2) lib/action_controller/metal.rb:195:in `dispatch'
  actionpack (4.0.2) lib/action_controller/metal/rack_delegation.rb:13:in `dispatch'
  actionpack (4.0.2) lib/action_controller/metal.rb:231:in `block in action'
  actionpack (4.0.2) lib/action_dispatch/routing/route_set.rb:80:in `call'
  actionpack (4.0.2) lib/action_dispatch/routing/route_set.rb:80:in `dispatch'
  actionpack (4.0.2) lib/action_dispatch/routing/route_set.rb:48:in `call'
  actionpack (4.0.2) lib/action_dispatch/journey/router.rb:71:in `block in call'
  actionpack (4.0.2) lib/action_dispatch/journey/router.rb:59:in `each'
  actionpack (4.0.2) lib/action_dispatch/journey/router.rb:59:in `call'
  actionpack (4.0.2) lib/action_dispatch/routing/route_set.rb:680:in `call'
  rack (1.5.2) lib/rack/etag.rb:23:in `call'
  rack (1.5.2) lib/rack/conditionalget.rb:35:in `call'
  rack (1.5.2) lib/rack/head.rb:11:in `call'
  actionpack (4.0.2) lib/action_dispatch/middleware/params_parser.rb:27:in `call'
  actionpack (4.0.2) lib/action_dispatch/middleware/flash.rb:241:in `call'
  rack (1.5.2) lib/rack/session/abstract/id.rb:225:in `context'
  rack (1.5.2) lib/rack/session/abstract/id.rb:220:in `call'
  actionpack (4.0.2) lib/action_dispatch/middleware/cookies.rb:486:in `call'
  activerecord (4.0.2) lib/active_record/query_cache.rb:36:in `call'
  activerecord (4.0.2) lib/active_record/connection_adapters/abstract/connection_pool.rb:626:in `call'
  actionpack (4.0.2) lib/action_dispatch/middleware/callbacks.rb:29:in `block in call'
  activesupport (4.0.2) lib/active_support/callbacks.rb:373:in `_run__1953476353107433623__call__callbacks'
  activesupport (4.0.2) lib/active_support/callbacks.rb:80:in `run_callbacks'
  actionpack (4.0.2) lib/action_dispatch/middleware/callbacks.rb:27:in `call'
  actionpack (4.0.2) lib/action_dispatch/middleware/remote_ip.rb:76:in `call'
  actionpack (4.0.2) lib/action_dispatch/middleware/debug_exceptions.rb:17:in `call'
  actionpack (4.0.2) lib/action_dispatch/middleware/show_exceptions.rb:30:in `call'
  railties (4.0.2) lib/rails/rack/logger.rb:38:in `call_app'
  railties (4.0.2) lib/rails/rack/logger.rb:20:in `block in call'
  activesupport (4.0.2) lib/active_support/tagged_logging.rb:67:in `block in tagged'
  activesupport (4.0.2) lib/active_support/tagged_logging.rb:25:in `tagged'
  activesupport (4.0.2) lib/active_support/tagged_logging.rb:67:in `tagged'
  railties (4.0.2) lib/rails/rack/logger.rb:20:in `call'
  actionpack (4.0.2) lib/action_dispatch/middleware/request_id.rb:21:in `call'
  rack (1.5.2) lib/rack/methodoverride.rb:21:in `call'
  rack (1.5.2) lib/rack/runtime.rb:17:in `call'
  activesupport (4.0.2) lib/active_support/cache/strategy/local_cache.rb:83:in `call'
  rack (1.5.2) lib/rack/sendfile.rb:112:in `call'
  railties (4.0.2) lib/rails/engine.rb:511:in `call'
  railties (4.0.2) lib/rails/application.rb:97:in `call'
  unicorn (4.8.3) lib/unicorn/http_server.rb:576:in `process_client'
  unicorn (4.8.3) lib/unicorn/http_server.rb:670:in `worker_loop'
  unicorn (4.8.3) lib/unicorn/http_server.rb:525:in `spawn_missing_workers'
  unicorn (4.8.3) lib/unicorn/http_server.rb:140:in `start'
  unicorn (4.8.3) bin/unicorn:126:in `<top (required)>'
  /usr/local/rvm/gems/ruby-2.1.3/bin/unicorn:23:in `load'
  /usr/local/rvm/gems/ruby-2.1.3/bin/unicorn:23:in `<main>'
  /usr/local/rvm/gems/ruby-2.0.0-p353/bin/ruby_executable_hooks:15:in `eval'
  /usr/local/rvm/gems/ruby-2.0.0-p353/bin/ruby_executable_hooks:15:in `<main>'


I, [2015-03-15T17:47:13.429036 #18299]  INFO -- : Started POST "/access_points" for 127.0.0.1 at 2015-03-15 17:47:13 +0000
I, [2015-03-15T17:47:13.439720 #18299]  INFO -- : Processing by AccessPointsController#create as */*
W, [2015-03-15T17:47:13.454724 #18299]  WARN -- : Can't verify CSRF token authenticity
I, [2015-03-15T17:47:13.455295 #18299]  INFO -- : Completed 422 Unprocessable Entity in 15ms
F, [2015-03-15T17:47:13.460737 #18299] FATAL -- : 
ActionController::InvalidAuthenticityToken (ActionController::InvalidAuthenticityToken):
  actionpack (4.0.2) lib/action_controller/metal/request_forgery_protection.rb:163:in `handle_unverified_request'
  actionpack (4.0.2) lib/action_controller/metal/request_forgery_protection.rb:170:in `handle_unverified_request'
  actionpack (4.0.2) lib/action_controller/metal/request_forgery_protection.rb:177:in `verify_authenticity_token'
  activesupport (4.0.2) lib/active_support/callbacks.rb:377:in `_run__2949301460081772672__process_action__callbacks'
  activesupport (4.0.2) lib/active_support/callbacks.rb:80:in `run_callbacks'
  actionpack (4.0.2) lib/abstract_controller/callbacks.rb:17:in `process_action'
  actionpack (4.0.2) lib/action_controller/metal/rescue.rb:29:in `process_action'
  actionpack (4.0.2) lib/action_controller/metal/instrumentation.rb:31:in `block in process_action'
  activesupport (4.0.2) lib/active_support/notifications.rb:159:in `block in instrument'
  activesupport (4.0.2) lib/active_support/notifications/instrumenter.rb:20:in `instrument'
  activesupport (4.0.2) lib/active_support/notifications.rb:159:in `instrument'
  actionpack (4.0.2) lib/action_controller/metal/instrumentation.rb:30:in `process_action'
  actionpack (4.0.2) lib/action_controller/metal/params_wrapper.rb:245:in `process_action'
  activerecord (4.0.2) lib/active_record/railties/controller_runtime.rb:18:in `process_action'
  actionpack (4.0.2) lib/abstract_controller/base.rb:136:in `process'
  actionpack (4.0.2) lib/abstract_controller/rendering.rb:44:in `process'
  actionpack (4.0.2) lib/action_controller/metal.rb:195:in `dispatch'
  actionpack (4.0.2) lib/action_controller/metal/rack_delegation.rb:13:in `dispatch'
  actionpack (4.0.2) lib/action_controller/metal.rb:231:in `block in action'
  actionpack (4.0.2) lib/action_dispatch/routing/route_set.rb:80:in `call'
  actionpack (4.0.2) lib/action_dispatch/routing/route_set.rb:80:in `dispatch'
  actionpack (4.0.2) lib/action_dispatch/routing/route_set.rb:48:in `call'
  actionpack (4.0.2) lib/action_dispatch/journey/router.rb:71:in `block in call'
  actionpack (4.0.2) lib/action_dispatch/journey/router.rb:59:in `each'
  actionpack (4.0.2) lib/action_dispatch/journey/router.rb:59:in `call'
  actionpack (4.0.2) lib/action_dispatch/routing/route_set.rb:680:in `call'
  rack (1.5.2) lib/rack/etag.rb:23:in `call'
  rack (1.5.2) lib/rack/conditionalget.rb:35:in `call'
  rack (1.5.2) lib/rack/head.rb:11:in `call'
  actionpack (4.0.2) lib/action_dispatch/middleware/params_parser.rb:27:in `call'
  actionpack (4.0.2) lib/action_dispatch/middleware/flash.rb:241:in `call'
  rack (1.5.2) lib/rack/session/abstract/id.rb:225:in `context'
  rack (1.5.2) lib/rack/session/abstract/id.rb:220:in `call'
  actionpack (4.0.2) lib/action_dispatch/middleware/cookies.rb:486:in `call'
  activerecord (4.0.2) lib/active_record/query_cache.rb:36:in `call'
  activerecord (4.0.2) lib/active_record/connection_adapters/abstract/connection_pool.rb:626:in `call'
  actionpack (4.0.2) lib/action_dispatch/middleware/callbacks.rb:29:in `block in call'
  activesupport (4.0.2) lib/active_support/callbacks.rb:373:in `_run__1910458375498395079__call__callbacks'
  activesupport (4.0.2) lib/active_support/callbacks.rb:80:in `run_callbacks'
  actionpack (4.0.2) lib/action_dispatch/middleware/callbacks.rb:27:in `call'
  actionpack (4.0.2) lib/action_dispatch/middleware/remote_ip.rb:76:in `call'
  actionpack (4.0.2) lib/action_dispatch/middleware/debug_exceptions.rb:17:in `call'
  actionpack (4.0.2) lib/action_dispatch/middleware/show_exceptions.rb:30:in `call'
  railties (4.0.2) lib/rails/rack/logger.rb:38:in `call_app'
  railties (4.0.2) lib/rails/rack/logger.rb:20:in `block in call'
  activesupport (4.0.2) lib/active_support/tagged_logging.rb:67:in `block in tagged'
  activesupport (4.0.2) lib/active_support/tagged_logging.rb:25:in `tagged'
  activesupport (4.0.2) lib/active_support/tagged_logging.rb:67:in `tagged'
  railties (4.0.2) lib/rails/rack/logger.rb:20:in `call'
  actionpack (4.0.2) lib/action_dispatch/middleware/request_id.rb:21:in `call'
  rack (1.5.2) lib/rack/methodoverride.rb:21:in `call'
  rack (1.5.2) lib/rack/runtime.rb:17:in `call'
  activesupport (4.0.2) lib/active_support/cache/strategy/local_cache.rb:83:in `call'
  rack (1.5.2) lib/rack/sendfile.rb:112:in `call'
  railties (4.0.2) lib/rails/engine.rb:511:in `call'
  railties (4.0.2) lib/rails/application.rb:97:in `call'
  unicorn (4.8.3) lib/unicorn/http_server.rb:576:in `process_client'
  unicorn (4.8.3) lib/unicorn/http_server.rb:670:in `worker_loop'
  unicorn (4.8.3) lib/unicorn/http_server.rb:525:in `spawn_missing_workers'
  unicorn (4.8.3) lib/unicorn/http_server.rb:140:in `start'
  unicorn (4.8.3) bin/unicorn:126:in `<top (required)>'
  /usr/local/rvm/gems/ruby-2.1.3/bin/unicorn:23:in `load'
  /usr/local/rvm/gems/ruby-2.1.3/bin/unicorn:23:in `<main>'
  /usr/local/rvm/gems/ruby-2.0.0-p353/bin/ruby_executable_hooks:15:in `eval'
  /usr/local/rvm/gems/ruby-2.0.0-p353/bin/ruby_executable_hooks:15:in `<main>'


I, [2015-03-15T17:49:13.793945 #18347]  INFO -- : Started POST "/access_points" for 127.0.0.1 at 2015-03-15 17:49:13 +0000
I, [2015-03-15T17:49:13.800812 #18347]  INFO -- : Processing by AccessPointsController#create as */*
I, [2015-03-15T17:49:13.808950 #18347]  INFO -- : Completed 400 Bad Request in 8ms
F, [2015-03-15T17:49:13.810451 #18347] FATAL -- : 
ActionController::ParameterMissing (param not found: access_point):
  app/controllers/access_points_controller.rb:72:in `access_point_params'
  app/controllers/access_points_controller.rb:27:in `create'


I, [2015-03-15T17:49:18.683435 #18341]  INFO -- : Started GET "/access_points" for 82.2.92.239 at 2015-03-15 17:49:18 +0000
I, [2015-03-15T17:49:18.692875 #18341]  INFO -- : Processing by AccessPointsController#index as HTML
I, [2015-03-15T17:49:18.723082 #18341]  INFO -- :   Rendered access_points/index.html.erb within layouts/application (16.6ms)
I, [2015-03-15T17:49:18.725233 #18341]  INFO -- : Completed 200 OK in 32ms (Views: 19.7ms | ActiveRecord: 1.4ms)
I, [2015-03-15T17:52:30.944139 #18347]  INFO -- : Started POST "/access_points" for 82.2.92.239 at 2015-03-15 17:52:30 +0000
I, [2015-03-15T17:52:30.946107 #18347]  INFO -- : Processing by AccessPointsController#create as */*
I, [2015-03-15T17:52:30.947183 #18347]  INFO -- : Completed 400 Bad Request in 1ms
F, [2015-03-15T17:52:30.948539 #18347] FATAL -- : 
ActionController::ParameterMissing (param not found: access_point):
  app/controllers/access_points_controller.rb:72:in `access_point_params'
  app/controllers/access_points_controller.rb:27:in `create'


I, [2015-03-15T17:54:30.017013 #18339]  INFO -- : Started POST "/access_points" for 82.2.92.239 at 2015-03-15 17:54:30 +0000
I, [2015-03-15T17:54:30.030994 #18339]  INFO -- : Processing by AccessPointsController#create as */*
I, [2015-03-15T17:54:30.031167 #18339]  INFO -- :   Parameters: {"mac"=>"asidjaisofjao", "location"=>"Here", "time"=>"2015-03-15", "notes"=>"\"Stuff here\""}
I, [2015-03-15T17:54:30.042836 #18339]  INFO -- : Completed 400 Bad Request in 11ms
F, [2015-03-15T17:54:30.044970 #18339] FATAL -- : 
ActionController::ParameterMissing (param not found: access_point):
  app/controllers/access_points_controller.rb:72:in `access_point_params'
  app/controllers/access_points_controller.rb:27:in `create'


I, [2015-03-15T17:57:41.639383 #18341]  INFO -- : Started POST "/access_points" for 82.2.92.239 at 2015-03-15 17:57:41 +0000
I, [2015-03-15T17:57:41.644889 #18341]  INFO -- : Processing by AccessPointsController#create as */*
I, [2015-03-15T17:57:41.646644 #18341]  INFO -- : Completed 400 Bad Request in 1ms
F, [2015-03-15T17:57:41.648930 #18341] FATAL -- : 
ActionController::ParameterMissing (param not found: access_point):
  app/controllers/access_points_controller.rb:72:in `access_point_params'
  app/controllers/access_points_controller.rb:27:in `create'


I, [2015-03-15T17:58:31.142852 #18347]  INFO -- : Started POST "/access_points" for 82.2.92.239 at 2015-03-15 17:58:31 +0000
I, [2015-03-15T17:58:31.146484 #18347]  INFO -- : Processing by AccessPointsController#create as */*
I, [2015-03-15T17:58:31.148589 #18347]  INFO -- : Completed 400 Bad Request in 2ms
F, [2015-03-15T17:58:31.150210 #18347] FATAL -- : 
ActionController::ParameterMissing (param not found: access_point):
  app/controllers/access_points_controller.rb:72:in `access_point_params'
  app/controllers/access_points_controller.rb:27:in `create'


I, [2015-03-15T18:00:41.942663 #18339]  INFO -- : Started POST "/access_points" for 82.2.92.239 at 2015-03-15 18:00:41 +0000
I, [2015-03-15T18:00:41.945687 #18339]  INFO -- : Processing by AccessPointsController#create as */*
I, [2015-03-15T18:00:41.946931 #18339]  INFO -- : Completed 400 Bad Request in 1ms
F, [2015-03-15T18:00:41.948604 #18339] FATAL -- : 
ActionController::ParameterMissing (param not found: access_point):
  app/controllers/access_points_controller.rb:72:in `access_point_params'
  app/controllers/access_points_controller.rb:27:in `create'


I, [2015-03-15T18:02:34.185015 #18341]  INFO -- : Started POST "/access_points.json" for 82.2.92.239 at 2015-03-15 18:02:34 +0000
I, [2015-03-15T18:02:34.187013 #18341]  INFO -- : Processing by AccessPointsController#create as JSON
I, [2015-03-15T18:02:34.188629 #18341]  INFO -- : Completed 400 Bad Request in 1ms
F, [2015-03-15T18:02:34.190157 #18341] FATAL -- : 
ActionController::ParameterMissing (param not found: access_point):
  app/controllers/access_points_controller.rb:72:in `access_point_params'
  app/controllers/access_points_controller.rb:27:in `create'


I, [2015-03-15T18:02:39.013239 #18347]  INFO -- : Started POST "/access_points.json" for 82.2.92.239 at 2015-03-15 18:02:39 +0000
I, [2015-03-15T18:02:39.014941 #18347]  INFO -- : Processing by AccessPointsController#create as JSON
I, [2015-03-15T18:02:39.015881 #18347]  INFO -- : Completed 400 Bad Request in 1ms
F, [2015-03-15T18:02:39.017645 #18347] FATAL -- : 
ActionController::ParameterMissing (param not found: access_point):
  app/controllers/access_points_controller.rb:72:in `access_point_params'
  app/controllers/access_points_controller.rb:27:in `create'


I, [2015-03-15T18:03:17.380886 #18341]  INFO -- : Started POST "/access_points.json" for 82.2.92.239 at 2015-03-15 18:03:17 +0000
I, [2015-03-15T18:03:17.383288 #18341]  INFO -- : Processing by AccessPointsController#create as JSON
I, [2015-03-15T18:03:17.383426 #18341]  INFO -- :   Parameters: {"access_point"=>{"mac"=>"aisodjsaodij", "location"=>"here", "time"=>"2015-03-15", "notes"=>"stuff"}}
I, [2015-03-15T18:03:17.412842 #18341]  INFO -- :   Rendered access_points/show.json.jbuilder (2.1ms)
I, [2015-03-15T18:03:17.413431 #18341]  INFO -- : Completed 201 Created in 30ms (Views: 8.9ms | ActiveRecord: 12.5ms)
I, [2015-03-15T18:03:24.324014 #18344]  INFO -- : Started GET "/access_points" for 82.2.92.239 at 2015-03-15 18:03:24 +0000
I, [2015-03-15T18:03:24.338909 #18344]  INFO -- : Processing by AccessPointsController#index as HTML
I, [2015-03-15T18:03:24.381932 #18344]  INFO -- :   Rendered access_points/index.html.erb within layouts/application (27.3ms)
I, [2015-03-15T18:03:24.384488 #18344]  INFO -- : Completed 200 OK in 45ms (Views: 31.3ms | ActiveRecord: 2.3ms)
I, [2015-03-15T18:03:28.206624 #18341]  INFO -- : Started POST "/access_points.json" for 82.2.92.239 at 2015-03-15 18:03:28 +0000
I, [2015-03-15T18:03:28.208793 #18341]  INFO -- : Processing by AccessPointsController#create as JSON
I, [2015-03-15T18:03:28.208969 #18341]  INFO -- :   Parameters: {"access_point"=>{"mac"=>"aisodjsaodij", "location"=>"here", "time"=>"2015-03-15", "notes"=>"stuff"}}
I, [2015-03-15T18:03:28.218330 #18341]  INFO -- :   Rendered access_points/show.json.jbuilder (0.6ms)
I, [2015-03-15T18:03:28.218702 #18341]  INFO -- : Completed 201 Created in 10ms (Views: 1.7ms | ActiveRecord: 3.7ms)
I, [2015-03-15T18:03:29.038429 #18344]  INFO -- : Started GET "/access_points" for 82.2.92.239 at 2015-03-15 18:03:29 +0000
I, [2015-03-15T18:03:29.040742 #18344]  INFO -- : Processing by AccessPointsController#index as HTML
I, [2015-03-15T18:03:29.046733 #18344]  INFO -- :   Rendered access_points/index.html.erb within layouts/application (4.3ms)
I, [2015-03-15T18:03:29.047735 #18344]  INFO -- : Completed 200 OK in 7ms (Views: 5.1ms | ActiveRecord: 0.4ms)
I, [2015-03-15T18:04:16.133354 #18341]  INFO -- : Started GET "/access_points" for 82.2.92.239 at 2015-03-15 18:04:16 +0000
I, [2015-03-15T18:04:16.134797 #18341]  INFO -- : Processing by AccessPointsController#index as HTML
I, [2015-03-15T18:04:16.141227 #18341]  INFO -- :   Rendered access_points/index.html.erb within layouts/application (5.1ms)
I, [2015-03-15T18:04:16.142455 #18341]  INFO -- : Completed 200 OK in 8ms (Views: 6.3ms | ActiveRecord: 0.4ms)
I, [2015-03-15T18:05:31.170720 #18347]  INFO -- : Started GET "/access_points/4/edit" for 82.2.92.239 at 2015-03-15 18:05:31 +0000
I, [2015-03-15T18:05:31.173293 #18347]  INFO -- : Processing by AccessPointsController#edit as HTML
I, [2015-03-15T18:05:31.173431 #18347]  INFO -- :   Parameters: {"id"=>"4"}
I, [2015-03-15T18:05:31.236110 #18347]  INFO -- :   Rendered access_points/_form.html.erb (27.7ms)
I, [2015-03-15T18:05:31.236796 #18347]  INFO -- :   Rendered access_points/edit.html.erb within layouts/application (30.9ms)
I, [2015-03-15T18:05:31.238965 #18347]  INFO -- : Completed 200 OK in 65ms (Views: 36.7ms | ActiveRecord: 2.7ms)
I, [2015-03-15T18:05:37.368760 #18344]  INFO -- : Started DELETE "/access_points/7" for 82.2.92.239 at 2015-03-15 18:05:37 +0000
I, [2015-03-15T18:05:37.370300 #18344]  INFO -- : Processing by AccessPointsController#destroy as HTML
I, [2015-03-15T18:05:37.370379 #18344]  INFO -- :   Parameters: {"authenticity_token"=>"iwMPkx/XEzi5JVCfUScGM/QQ7KyWm5f6xy/jCWPV2Jg=", "id"=>"7"}
I, [2015-03-15T18:05:37.384405 #18344]  INFO -- : Redirected to http://178.62.73.203/access_points
I, [2015-03-15T18:05:37.384728 #18344]  INFO -- : Completed 302 Found in 14ms (ActiveRecord: 7.1ms)
I, [2015-03-15T18:05:37.409814 #18347]  INFO -- : Started GET "/access_points" for 82.2.92.239 at 2015-03-15 18:05:37 +0000
I, [2015-03-15T18:05:37.412276 #18347]  INFO -- : Processing by AccessPointsController#index as HTML
I, [2015-03-15T18:05:37.422059 #18347]  INFO -- :   Rendered access_points/index.html.erb within layouts/application (7.2ms)
I, [2015-03-15T18:05:37.423480 #18347]  INFO -- : Completed 200 OK in 11ms (Views: 9.5ms | ActiveRecord: 0.4ms)
I, [2015-03-15T18:05:39.604187 #18344]  INFO -- : Started DELETE "/access_points/6" for 82.2.92.239 at 2015-03-15 18:05:39 +0000
I, [2015-03-15T18:05:39.605790 #18344]  INFO -- : Processing by AccessPointsController#destroy as HTML
I, [2015-03-15T18:05:39.605909 #18344]  INFO -- :   Parameters: {"authenticity_token"=>"iwMPkx/XEzi5JVCfUScGM/QQ7KyWm5f6xy/jCWPV2Jg=", "id"=>"6"}
I, [2015-03-15T18:05:39.612744 #18344]  INFO -- : Redirected to http://178.62.73.203/access_points
I, [2015-03-15T18:05:39.613048 #18344]  INFO -- : Completed 302 Found in 7ms (ActiveRecord: 3.7ms)
I, [2015-03-15T18:05:39.634589 #18347]  INFO -- : Started GET "/access_points" for 82.2.92.239 at 2015-03-15 18:05:39 +0000
I, [2015-03-15T18:05:39.636204 #18347]  INFO -- : Processing by AccessPointsController#index as HTML
I, [2015-03-15T18:05:39.640820 #18347]  INFO -- :   Rendered access_points/index.html.erb within layouts/application (3.0ms)
I, [2015-03-15T18:05:39.641634 #18347]  INFO -- : Completed 200 OK in 5ms (Views: 3.9ms | ActiveRecord: 0.4ms)
I, [2015-03-15T18:09:15.431771 #18344]  INFO -- : Started GET "/access_points" for 82.2.92.239 at 2015-03-15 18:09:15 +0000
I, [2015-03-15T18:09:15.433291 #18344]  INFO -- : Processing by AccessPointsController#index as HTML
I, [2015-03-15T18:09:15.439062 #18344]  INFO -- :   Rendered access_points/index.html.erb within layouts/application (4.1ms)
I, [2015-03-15T18:09:15.440299 #18344]  INFO -- : Completed 200 OK in 7ms (Views: 5.3ms | ActiveRecord: 0.5ms)
I, [2015-03-15T18:10:04.077011 #18339]  INFO -- : Started POST "/access_points.json" for 82.2.92.239 at 2015-03-15 18:10:04 +0000
I, [2015-03-15T18:10:04.080265 #18339]  INFO -- : Processing by AccessPointsController#create as JSON
I, [2015-03-15T18:10:04.080392 #18339]  INFO -- :   Parameters: {"access_point"=>{"mac"=>"asoidjaoisjas", "location"=>"Dammit", "time"=>"2015-03-15", "notes"=>"Jess don't fuck with my shit"}}
I, [2015-03-15T18:10:04.256881 #18339]  INFO -- :   Rendered access_points/show.json.jbuilder (1.3ms)
I, [2015-03-15T18:10:04.257308 #18339]  INFO -- : Completed 201 Created in 177ms (Views: 8.4ms | ActiveRecord: 146.5ms)
I, [2015-03-15T18:10:06.849234 #18341]  INFO -- : Started GET "/access_points" for 82.2.92.239 at 2015-03-15 18:10:06 +0000
I, [2015-03-15T18:10:06.850603 #18341]  INFO -- : Processing by AccessPointsController#index as HTML
I, [2015-03-15T18:10:06.856041 #18341]  INFO -- :   Rendered access_points/index.html.erb within layouts/application (4.1ms)
I, [2015-03-15T18:10:06.856980 #18341]  INFO -- : Completed 200 OK in 6ms (Views: 5.1ms | ActiveRecord: 0.4ms)
I, [2015-03-15T18:10:09.011307 #18339]  INFO -- : Started GET "/access_points" for 82.2.92.239 at 2015-03-15 18:10:09 +0000
I, [2015-03-15T18:10:09.013214 #18339]  INFO -- : Processing by AccessPointsController#index as HTML
I, [2015-03-15T18:10:09.021834 #18339]  INFO -- :   Rendered access_points/index.html.erb within layouts/application (6.1ms)
I, [2015-03-15T18:10:09.023819 #18339]  INFO -- : Completed 200 OK in 10ms (Views: 9.3ms | ActiveRecord: 0.3ms)
I, [2015-03-15T18:10:12.005451 #18341]  INFO -- : Started GET "/access_points" for 137.73.84.66 at 2015-03-15 18:10:12 +0000
I, [2015-03-15T18:10:12.006790 #18341]  INFO -- : Processing by AccessPointsController#index as HTML
I, [2015-03-15T18:10:12.012290 #18341]  INFO -- :   Rendered access_points/index.html.erb within layouts/application (3.7ms)
I, [2015-03-15T18:10:12.013097 #18341]  INFO -- : Completed 200 OK in 6ms (Views: 4.8ms | ActiveRecord: 0.3ms)
I, [2015-03-15T18:10:20.287702 #18347]  INFO -- : Started GET "/access_points/new" for 137.73.84.66 at 2015-03-15 18:10:20 +0000
I, [2015-03-15T18:10:20.289466 #18347]  INFO -- : Processing by AccessPointsController#new as HTML
I, [2015-03-15T18:10:20.311367 #18347]  INFO -- :   Rendered access_points/_form.html.erb (19.2ms)
I, [2015-03-15T18:10:20.311723 #18347]  INFO -- :   Rendered access_points/new.html.erb within layouts/application (20.4ms)
I, [2015-03-15T18:10:20.312512 #18347]  INFO -- : Completed 200 OK in 23ms (Views: 22.0ms | ActiveRecord: 0.0ms)
I, [2015-03-15T18:10:33.706623 #18344]  INFO -- : Started POST "/access_points" for 137.73.84.66 at 2015-03-15 18:10:33 +0000
I, [2015-03-15T18:10:33.708327 #18344]  INFO -- : Processing by AccessPointsController#create as HTML
I, [2015-03-15T18:10:33.708534 #18344]  INFO -- :   Parameters: {"utf8"=>"", "authenticity_token"=>"lPUJK6kFqI2aMifUDWPUY/ALOzLp3KqxQEx483iXZYM=", "access_point"=>{"mac"=>"<script>alert(1)</script>", "location"=>"<script>alert(1)</script>", "time(1i)"=>"2015", "time(2i)"=>"3", "time(3i)"=>"15", "time(4i)"=>"18", "time(5i)"=>"10", "notes"=>"<script>alert(1)</script>"}, "commit"=>"Create Access point"}
I, [2015-03-15T18:10:33.722809 #18344]  INFO -- : Redirected to http://178.62.73.203/access_points/9
I, [2015-03-15T18:10:33.723121 #18344]  INFO -- : Completed 302 Found in 14ms (ActiveRecord: 4.5ms)
I, [2015-03-15T18:10:33.753612 #18347]  INFO -- : Started GET "/access_points/9" for 137.73.84.66 at 2015-03-15 18:10:33 +0000
I, [2015-03-15T18:10:33.755790 #18347]  INFO -- : Processing by AccessPointsController#show as HTML
I, [2015-03-15T18:10:33.756039 #18347]  INFO -- :   Parameters: {"id"=>"9"}
I, [2015-03-15T18:10:33.762842 #18347]  INFO -- :   Rendered access_points/show.html.erb within layouts/application (2.3ms)
I, [2015-03-15T18:10:33.764232 #18347]  INFO -- : Completed 200 OK in 8ms (Views: 5.2ms | ActiveRecord: 0.4ms)
I, [2015-03-15T18:10:36.400459 #18344]  INFO -- : Started GET "/access_points" for 137.73.84.66 at 2015-03-15 18:10:36 +0000
I, [2015-03-15T18:10:36.401975 #18344]  INFO -- : Processing by AccessPointsController#index as HTML
I, [2015-03-15T18:10:36.407671 #18344]  INFO -- :   Rendered access_points/index.html.erb within layouts/application (4.4ms)
I, [2015-03-15T18:10:36.408635 #18344]  INFO -- : Completed 200 OK in 7ms (Views: 5.2ms | ActiveRecord: 0.5ms)
I, [2015-03-15T18:11:36.361070 #18339]  INFO -- : Started GET "/" for 137.73.84.66 at 2015-03-15 18:11:36 +0000
I, [2015-03-15T18:11:36.363794 #18339]  INFO -- : Processing by HomeController#index as HTML
I, [2015-03-15T18:11:36.367968 #18339]  INFO -- :   Rendered home/index.html.erb within layouts/application (1.4ms)
I, [2015-03-15T18:11:36.368859 #18339]  INFO -- : Completed 200 OK in 5ms (Views: 3.7ms | ActiveRecord: 0.0ms)
I, [2015-03-15T18:12:00.768314 #18347]  INFO -- : Started GET "/access_points" for 137.73.84.66 at 2015-03-15 18:12:00 +0000
I, [2015-03-15T18:12:00.770814 #18347]  INFO -- : Processing by AccessPointsController#index as HTML
I, [2015-03-15T18:12:00.778648 #18347]  INFO -- :   Rendered access_points/index.html.erb within layouts/application (6.1ms)
I, [2015-03-15T18:12:00.780116 #18347]  INFO -- : Completed 200 OK in 9ms (Views: 7.5ms | ActiveRecord: 0.4ms)
I, [2015-03-15T18:12:03.032534 #18341]  INFO -- : Started GET "/access_points/new" for 137.73.84.66 at 2015-03-15 18:12:03 +0000
I, [2015-03-15T18:12:03.034246 #18341]  INFO -- : Processing by AccessPointsController#new as HTML
I, [2015-03-15T18:12:03.076870 #18341]  INFO -- :   Rendered access_points/_form.html.erb (39.3ms)
I, [2015-03-15T18:12:03.077292 #18341]  INFO -- :   Rendered access_points/new.html.erb within layouts/application (41.1ms)
I, [2015-03-15T18:12:03.078110 #18341]  INFO -- : Completed 200 OK in 44ms (Views: 42.8ms | ActiveRecord: 0.0ms)
I, [2015-03-15T18:12:13.110899 #18347]  INFO -- : Started GET "/access_points/new%3Cscript%3Ealert(1)%3C/script%3E" for 137.73.84.66 at 2015-03-15 18:12:13 +0000
F, [2015-03-15T18:12:13.113136 #18347] FATAL -- : 
ActionController::RoutingError (No route matches [GET] "/access_points/new%3Cscript%3Ealert(1)%3C/script%3E"):
  actionpack (4.0.2) lib/action_dispatch/middleware/debug_exceptions.rb:21:in `call'
  actionpack (4.0.2) lib/action_dispatch/middleware/show_exceptions.rb:30:in `call'
  railties (4.0.2) lib/rails/rack/logger.rb:38:in `call_app'
  railties (4.0.2) lib/rails/rack/logger.rb:20:in `block in call'
  activesupport (4.0.2) lib/active_support/tagged_logging.rb:67:in `block in tagged'
  activesupport (4.0.2) lib/active_support/tagged_logging.rb:25:in `tagged'
  activesupport (4.0.2) lib/active_support/tagged_logging.rb:67:in `tagged'
  railties (4.0.2) lib/rails/rack/logger.rb:20:in `call'
  actionpack (4.0.2) lib/action_dispatch/middleware/request_id.rb:21:in `call'
  rack (1.5.2) lib/rack/methodoverride.rb:21:in `call'
  rack (1.5.2) lib/rack/runtime.rb:17:in `call'
  activesupport (4.0.2) lib/active_support/cache/strategy/local_cache.rb:83:in `call'
  rack (1.5.2) lib/rack/sendfile.rb:112:in `call'
  railties (4.0.2) lib/rails/engine.rb:511:in `call'
  railties (4.0.2) lib/rails/application.rb:97:in `call'
  unicorn (4.8.3) lib/unicorn/http_server.rb:576:in `process_client'
  unicorn (4.8.3) lib/unicorn/http_server.rb:670:in `worker_loop'
  unicorn (4.8.3) lib/unicorn/http_server.rb:525:in `spawn_missing_workers'
  unicorn (4.8.3) lib/unicorn/http_server.rb:140:in `start'
  unicorn (4.8.3) bin/unicorn:126:in `<top (required)>'
  /usr/local/rvm/gems/ruby-2.1.3/bin/unicorn:23:in `load'
  /usr/local/rvm/gems/ruby-2.1.3/bin/unicorn:23:in `<main>'
  /usr/local/rvm/gems/ruby-2.0.0-p353/bin/ruby_executable_hooks:15:in `eval'
  /usr/local/rvm/gems/ruby-2.0.0-p353/bin/ruby_executable_hooks:15:in `<main>'


I, [2015-03-15T18:12:16.089549 #18344]  INFO -- : Started GET "/access_points/new" for 137.73.84.66 at 2015-03-15 18:12:16 +0000
I, [2015-03-15T18:12:16.092192 #18344]  INFO -- : Processing by AccessPointsController#new as HTML
I, [2015-03-15T18:12:16.148793 #18344]  INFO -- :   Rendered access_points/_form.html.erb (51.7ms)
I, [2015-03-15T18:12:16.149203 #18344]  INFO -- :   Rendered access_points/new.html.erb within layouts/application (54.1ms)
I, [2015-03-15T18:12:16.150134 #18344]  INFO -- : Completed 200 OK in 58ms (Views: 56.4ms | ActiveRecord: 0.0ms)
I, [2015-03-15T18:12:18.214817 #18347]  INFO -- : Started GET "/access_points/" for 137.73.84.66 at 2015-03-15 18:12:18 +0000
I, [2015-03-15T18:12:18.217623 #18347]  INFO -- : Processing by AccessPointsController#index as HTML
I, [2015-03-15T18:12:18.222604 #18347]  INFO -- :   Rendered access_points/index.html.erb within layouts/application (3.8ms)
I, [2015-03-15T18:12:18.223333 #18347]  INFO -- : Completed 200 OK in 6ms (Views: 4.5ms | ActiveRecord: 0.3ms)
I, [2015-03-15T18:12:32.316479 #18344]  INFO -- : Started GET "/access_points" for 82.2.92.239 at 2015-03-15 18:12:32 +0000
I, [2015-03-15T18:12:32.317864 #18344]  INFO -- : Processing by AccessPointsController#index as HTML
I, [2015-03-15T18:12:32.324114 #18344]  INFO -- :   Rendered access_points/index.html.erb within layouts/application (4.5ms)
I, [2015-03-15T18:12:32.325095 #18344]  INFO -- : Completed 200 OK in 7ms (Views: 5.8ms | ActiveRecord: 0.3ms)
I, [2015-03-15T18:12:58.148118 #18341]  INFO -- : Started GET "/access_points/new" for 137.73.84.66 at 2015-03-15 18:12:58 +0000
I, [2015-03-15T18:12:58.149534 #18341]  INFO -- : Processing by AccessPointsController#new as HTML
I, [2015-03-15T18:12:58.159015 #18341]  INFO -- :   Rendered access_points/_form.html.erb (7.9ms)
I, [2015-03-15T18:12:58.159294 #18341]  INFO -- :   Rendered access_points/new.html.erb within layouts/application (8.4ms)
I, [2015-03-15T18:12:58.160051 #18341]  INFO -- : Completed 200 OK in 10ms (Views: 9.5ms | ActiveRecord: 0.0ms)
I, [2015-03-15T18:13:10.424681 #18347]  INFO -- : Started POST "/access_points" for 137.73.84.66 at 2015-03-15 18:13:10 +0000
I, [2015-03-15T18:13:10.426462 #18347]  INFO -- : Processing by AccessPointsController#create as HTML
I, [2015-03-15T18:13:10.426649 #18347]  INFO -- :   Parameters: {"utf8"=>"", "authenticity_token"=>"lPUJK6kFqI2aMifUDWPUY/ALOzLp3KqxQEx483iXZYM=", "access_point"=>{"mac"=>"lol", "location"=>"test", "time(1i)"=>"2015", "time(2i)"=>"3", "time(3i)"=>"15", "time(4i)"=>"18", "time(5i)"=>"12", "notes"=>"testers"}, "commit"=>"Create Access point"}
I, [2015-03-15T18:13:10.442749 #18347]  INFO -- : Redirected to http://178.62.73.203/access_points/10
I, [2015-03-15T18:13:10.443145 #18347]  INFO -- : Completed 302 Found in 16ms (ActiveRecord: 8.8ms)
I, [2015-03-15T18:13:10.479395 #18339]  INFO -- : Started GET "/access_points/10" for 137.73.84.66 at 2015-03-15 18:13:10 +0000
I, [2015-03-15T18:13:10.481748 #18339]  INFO -- : Processing by AccessPointsController#show as HTML
I, [2015-03-15T18:13:10.481891 #18339]  INFO -- :   Parameters: {"id"=>"10"}
I, [2015-03-15T18:13:10.490892 #18339]  INFO -- :   Rendered access_points/show.html.erb within layouts/application (1.5ms)
I, [2015-03-15T18:13:10.491842 #18339]  INFO -- : Completed 200 OK in 10ms (Views: 3.2ms | ActiveRecord: 0.5ms)
I, [2015-03-15T18:13:14.194703 #18347]  INFO -- : Started GET "/access_points/11" for 137.73.84.66 at 2015-03-15 18:13:14 +0000
I, [2015-03-15T18:13:14.196557 #18347]  INFO -- : Processing by AccessPointsController#show as HTML
I, [2015-03-15T18:13:14.196690 #18347]  INFO -- :   Parameters: {"id"=>"11"}
I, [2015-03-15T18:13:14.199086 #18347]  INFO -- : Completed 404 Not Found in 2ms
F, [2015-03-15T18:13:14.200653 #18347] FATAL -- : 
ActiveRecord::RecordNotFound (Couldn't find AccessPoint with id=11):
  app/controllers/access_points_controller.rb:67:in `set_access_point'


I, [2015-03-15T18:13:16.974731 #18339]  INFO -- : Started GET "/access_points/8" for 137.73.84.66 at 2015-03-15 18:13:16 +0000
I, [2015-03-15T18:13:16.976387 #18339]  INFO -- : Processing by AccessPointsController#show as HTML
I, [2015-03-15T18:13:16.976484 #18339]  INFO -- :   Parameters: {"id"=>"8"}
I, [2015-03-15T18:13:16.980092 #18339]  INFO -- :   Rendered access_points/show.html.erb within layouts/application (0.9ms)
I, [2015-03-15T18:13:16.980972 #18339]  INFO -- : Completed 200 OK in 4ms (Views: 2.3ms | ActiveRecord: 0.3ms)
I, [2015-03-15T18:13:21.973409 #18347]  INFO -- : Started GET "/access_points/1" for 137.73.84.66 at 2015-03-15 18:13:21 +0000
I, [2015-03-15T18:13:21.975191 #18347]  INFO -- : Processing by AccessPointsController#show as HTML
I, [2015-03-15T18:13:21.975266 #18347]  INFO -- :   Parameters: {"id"=>"1"}
I, [2015-03-15T18:13:21.977803 #18347]  INFO -- :   Rendered access_points/show.html.erb within layouts/application (0.6ms)
I, [2015-03-15T18:13:21.978524 #18347]  INFO -- : Completed 200 OK in 3ms (Views: 1.6ms | ActiveRecord: 0.2ms)
I, [2015-03-15T18:13:50.493889 #18344]  INFO -- : Started GET "/access_points" for 82.2.92.239 at 2015-03-15 18:13:50 +0000
I, [2015-03-15T18:13:50.495205 #18344]  INFO -- : Processing by AccessPointsController#index as HTML
I, [2015-03-15T18:13:50.502339 #18344]  INFO -- :   Rendered access_points/index.html.erb within layouts/application (5.8ms)
I, [2015-03-15T18:13:50.503470 #18344]  INFO -- : Completed 200 OK in 8ms (Views: 7.0ms | ActiveRecord: 0.4ms)
I, [2015-03-15T18:13:53.910358 #18339]  INFO -- : Started GET "/access_points" for 82.2.92.239 at 2015-03-15 18:13:53 +0000
I, [2015-03-15T18:13:53.911730 #18339]  INFO -- : Processing by AccessPointsController#index as HTML
I, [2015-03-15T18:13:53.918709 #18339]  INFO -- :   Rendered access_points/index.html.erb within layouts/application (5.6ms)
I, [2015-03-15T18:13:53.919840 #18339]  INFO -- : Completed 200 OK in 8ms (Views: 6.7ms | ActiveRecord: 0.3ms)
I, [2015-03-15T18:14:02.218125 #18347]  INFO -- : Started GET "/access_points/1" for 137.73.84.66 at 2015-03-15 18:14:02 +0000
I, [2015-03-15T18:14:02.220715 #18347]  INFO -- : Processing by AccessPointsController#show as HTML
I, [2015-03-15T18:14:02.220837 #18347]  INFO -- :   Parameters: {"id"=>"1"}
I, [2015-03-15T18:14:02.224430 #18347]  INFO -- :   Rendered access_points/show.html.erb within layouts/application (0.9ms)
I, [2015-03-15T18:14:02.225474 #18347]  INFO -- : Completed 200 OK in 4ms (Views: 2.4ms | ActiveRecord: 0.3ms)
I, [2015-03-15T18:14:04.445648 #18341]  INFO -- : Started GET "/access_points/" for 137.73.84.66 at 2015-03-15 18:14:04 +0000
I, [2015-03-15T18:14:04.447184 #18341]  INFO -- : Processing by AccessPointsController#index as HTML
I, [2015-03-15T18:14:04.455459 #18341]  INFO -- :   Rendered access_points/index.html.erb within layouts/application (6.6ms)
I, [2015-03-15T18:14:04.456867 #18341]  INFO -- : Completed 200 OK in 9ms (Views: 7.8ms | ActiveRecord: 0.5ms)
I, [2015-03-15T18:14:10.926906 #18347]  INFO -- : Started GET "/access_points" for 82.2.92.239 at 2015-03-15 18:14:10 +0000
I, [2015-03-15T18:14:10.928121 #18347]  INFO -- : Processing by AccessPointsController#index as HTML
I, [2015-03-15T18:14:10.934003 #18347]  INFO -- :   Rendered access_points/index.html.erb within layouts/application (4.8ms)
I, [2015-03-15T18:14:10.934898 #18347]  INFO -- : Completed 200 OK in 7ms (Views: 5.6ms | ActiveRecord: 0.3ms)
I, [2015-03-15T18:14:12.289133 #18341]  INFO -- : Started GET "/access_points" for 82.2.92.239 at 2015-03-15 18:14:12 +0000
I, [2015-03-15T18:14:12.290317 #18341]  INFO -- : Processing by AccessPointsController#index as HTML
I, [2015-03-15T18:14:12.296432 #18341]  INFO -- :   Rendered access_points/index.html.erb within layouts/application (5.0ms)
I, [2015-03-15T18:14:12.297223 #18341]  INFO -- : Completed 200 OK in 7ms (Views: 5.8ms | ActiveRecord: 0.3ms)
I, [2015-03-15T18:14:14.167238 #18347]  INFO -- : Started GET "/" for 82.2.92.239 at 2015-03-15 18:14:14 +0000
I, [2015-03-15T18:14:14.169364 #18347]  INFO -- : Processing by HomeController#index as HTML
I, [2015-03-15T18:14:14.173789 #18347]  INFO -- :   Rendered home/index.html.erb within layouts/application (1.6ms)
I, [2015-03-15T18:14:14.175205 #18347]  INFO -- : Completed 200 OK in 6ms (Views: 4.7ms | ActiveRecord: 0.0ms)
I, [2015-03-15T18:14:14.869252 #18341]  INFO -- : Started GET "/access_points" for 82.2.92.239 at 2015-03-15 18:14:14 +0000
I, [2015-03-15T18:14:14.870383 #18341]  INFO -- : Processing by AccessPointsController#index as HTML
I, [2015-03-15T18:14:14.877678 #18341]  INFO -- :   Rendered access_points/index.html.erb within layouts/application (6.1ms)
I, [2015-03-15T18:14:14.878805 #18341]  INFO -- : Completed 200 OK in 8ms (Views: 7.2ms | ActiveRecord: 0.4ms)
I, [2015-03-15T18:14:15.433576 #18347]  INFO -- : Started GET "/" for 82.2.92.239 at 2015-03-15 18:14:15 +0000
I, [2015-03-15T18:14:15.435869 #18347]  INFO -- : Processing by HomeController#index as HTML
I, [2015-03-15T18:14:15.437442 #18347]  INFO -- :   Rendered home/index.html.erb within layouts/application (0.4ms)
I, [2015-03-15T18:14:15.438205 #18347]  INFO -- : Completed 200 OK in 2ms (Views: 1.4ms | ActiveRecord: 0.0ms)
I, [2015-03-15T18:14:17.227882 #18341]  INFO -- : Started GET "/access_points" for 82.2.92.239 at 2015-03-15 18:14:17 +0000
I, [2015-03-15T18:14:17.229673 #18341]  INFO -- : Processing by AccessPointsController#index as HTML
I, [2015-03-15T18:14:17.237054 #18341]  INFO -- :   Rendered access_points/index.html.erb within layouts/application (6.1ms)
I, [2015-03-15T18:14:17.238304 #18341]  INFO -- : Completed 200 OK in 8ms (Views: 7.3ms | ActiveRecord: 0.4ms)
I, [2015-03-15T18:15:03.673828 #18347]  INFO -- : Started GET "/access_points/new" for 137.73.84.66 at 2015-03-15 18:15:03 +0000
I, [2015-03-15T18:15:03.675456 #18347]  INFO -- : Processing by AccessPointsController#new as HTML
I, [2015-03-15T18:15:03.686173 #18347]  INFO -- :   Rendered access_points/_form.html.erb (9.0ms)
I, [2015-03-15T18:15:03.686480 #18347]  INFO -- :   Rendered access_points/new.html.erb within layouts/application (9.5ms)
I, [2015-03-15T18:15:03.687366 #18347]  INFO -- : Completed 200 OK in 12ms (Views: 10.7ms | ActiveRecord: 0.0ms)
I, [2015-03-15T18:15:04.095124 #18339]  INFO -- : Started POST "/access_points.json" for 82.2.92.239 at 2015-03-15 18:15:04 +0000
I, [2015-03-15T18:15:04.096778 #18339]  INFO -- : Processing by AccessPointsController#create as JSON
I, [2015-03-15T18:15:04.096881 #18339]  INFO -- :   Parameters: {"access_point"=>{"mac"=>"asoidjaoisjas", "location"=>"Dammit", "time"=>"2015-03-15 18:14:47", "notes"=>"Jess don't fuck with my shit"}}
I, [2015-03-15T18:15:04.106115 #18339]  INFO -- :   Rendered access_points/show.json.jbuilder (0.5ms)
I, [2015-03-15T18:15:04.106439 #18339]  INFO -- : Completed 201 Created in 9ms (Views: 1.7ms | ActiveRecord: 4.3ms)
I, [2015-03-15T18:15:07.607450 #18347]  INFO -- : Started GET "/access_points" for 82.2.92.239 at 2015-03-15 18:15:07 +0000
I, [2015-03-15T18:15:07.608722 #18347]  INFO -- : Processing by AccessPointsController#index as HTML
I, [2015-03-15T18:15:07.615342 #18347]  INFO -- :   Rendered access_points/index.html.erb within layouts/application (5.4ms)
I, [2015-03-15T18:15:07.616378 #18347]  INFO -- : Completed 200 OK in 8ms (Views: 6.3ms | ActiveRecord: 0.4ms)
I, [2015-03-15T18:15:11.561306 #18339]  INFO -- : Started POST "/access_points" for 137.73.84.66 at 2015-03-15 18:15:11 +0000
I, [2015-03-15T18:15:11.563143 #18339]  INFO -- : Processing by AccessPointsController#create as HTML
I, [2015-03-15T18:15:11.563312 #18339]  INFO -- :   Parameters: {"utf8"=>"", "authenticity_token"=>"lPUJK6kFqI2aMifUDWPUY/ALOzLp3KqxQEx483iXZYM=", "access_point"=>{"mac"=>"", "location"=>"", "time(1i)"=>"2015", "time(2i)"=>"3", "time(3i)"=>"15", "time(4i)"=>"18", "time(5i)"=>"15", "notes"=>""}, "commit"=>"Create Access point"}
I, [2015-03-15T18:15:11.572576 #18339]  INFO -- : Redirected to http://178.62.73.203/access_points/12
I, [2015-03-15T18:15:11.572860 #18339]  INFO -- : Completed 302 Found in 9ms (ActiveRecord: 4.2ms)
I, [2015-03-15T18:15:11.604121 #18347]  INFO -- : Started GET "/access_points/12" for 137.73.84.66 at 2015-03-15 18:15:11 +0000
I, [2015-03-15T18:15:11.605408 #18347]  INFO -- : Processing by AccessPointsController#show as HTML
I, [2015-03-15T18:15:11.605477 #18347]  INFO -- :   Parameters: {"id"=>"12"}
I, [2015-03-15T18:15:11.608291 #18347]  INFO -- :   Rendered access_points/show.html.erb within layouts/application (0.7ms)
I, [2015-03-15T18:15:11.608962 #18347]  INFO -- : Completed 200 OK in 3ms (Views: 1.7ms | ActiveRecord: 0.3ms)
I, [2015-03-15T18:16:04.513817 #18339]  INFO -- : Started POST "/access_points" for 137.73.84.66 at 2015-03-15 18:16:04 +0000
I, [2015-03-15T18:16:04.516035 #18339]  INFO -- : Processing by AccessPointsController#create as HTML
I, [2015-03-15T18:16:04.516265 #18339]  INFO -- :   Parameters: {"utf8"=>"", "authenticity_token"=>"lPUJK6kFqI2aMifUDWPUY/ALOzLp3KqxQEx483iXZYM=", "access_point"=>{"mac"=>"", "location"=>"", "time(1i)"=>"2015", "time(2i)"=>"3", "time(3i)"=>"15", "time(4i)"=>"18", "time(5i)"=>"15", "notes"=>""}, "commit"=>"Create Access point"}
I, [2015-03-15T18:16:04.526363 #18339]  INFO -- : Redirected to http://178.62.73.203/access_points/13
I, [2015-03-15T18:16:04.526737 #18339]  INFO -- : Completed 302 Found in 10ms (ActiveRecord: 4.6ms)
I, [2015-03-15T18:16:05.783860 #18344]  INFO -- : Started GET "/access_points/13" for 137.73.84.66 at 2015-03-15 18:16:05 +0000
I, [2015-03-15T18:16:05.785743 #18344]  INFO -- : Processing by AccessPointsController#show as HTML
I, [2015-03-15T18:16:05.785889 #18344]  INFO -- :   Parameters: {"id"=>"13"}
I, [2015-03-15T18:16:05.790088 #18344]  INFO -- :   Rendered access_points/show.html.erb within layouts/application (1.4ms)
I, [2015-03-15T18:16:05.791009 #18344]  INFO -- : Completed 200 OK in 5ms (Views: 3.1ms | ActiveRecord: 0.3ms)
I, [2015-03-15T18:16:11.127334 #18339]  INFO -- : Started GET "/access_points" for 137.73.84.66 at 2015-03-15 18:16:11 +0000
I, [2015-03-15T18:16:11.128849 #18339]  INFO -- : Processing by AccessPointsController#index as HTML
I, [2015-03-15T18:16:11.149998 #18339]  INFO -- :   Rendered access_points/index.html.erb within layouts/application (19.9ms)
I, [2015-03-15T18:16:11.150998 #18339]  INFO -- : Completed 200 OK in 22ms (Views: 20.8ms | ActiveRecord: 0.4ms)
I, [2015-03-15T18:16:34.098194 #18344]  INFO -- : Started GET "/access_points/new" for 137.73.84.66 at 2015-03-15 18:16:34 +0000
I, [2015-03-15T18:16:34.100113 #18344]  INFO -- : Processing by AccessPointsController#new as HTML
I, [2015-03-15T18:16:34.113194 #18344]  INFO -- :   Rendered access_points/_form.html.erb (11.2ms)
I, [2015-03-15T18:16:34.113546 #18344]  INFO -- :   Rendered access_points/new.html.erb within layouts/application (11.9ms)
I, [2015-03-15T18:16:34.114253 #18344]  INFO -- : Completed 200 OK in 14ms (Views: 13.0ms | ActiveRecord: 0.0ms)
I, [2015-03-15T18:17:36.456517 #18347]  INFO -- : Started POST "/access_points" for 137.73.84.66 at 2015-03-15 18:17:36 +0000
I, [2015-03-15T18:17:36.458007 #18347]  INFO -- : Processing by AccessPointsController#create as HTML
I, [2015-03-15T18:17:36.458098 #18347]  INFO -- :   Parameters: {"utf8"=>"", "authenticity_token"=>"lPUJK6kFqI2aMifUDWPUY/ALOzLp3KqxQEx483iXZYM=", "access_point"=>{"mac"=>"something", "location"=>"something", "time(1i)"=>"1993", "time(2i)"=>"1", "time(3i)"=>"15", "time(4i)"=>"18", "time(5i)"=>"16", "notes"=>"something"}, "commit"=>"Create Access point"}
I, [2015-03-15T18:17:36.465606 #18347]  INFO -- : Redirected to http://178.62.73.203/access_points/14
I, [2015-03-15T18:17:36.465883 #18347]  INFO -- : Completed 302 Found in 8ms (ActiveRecord: 3.9ms)
I, [2015-03-15T18:17:38.776294 #18344]  INFO -- : Started GET "/access_points/14" for 137.73.84.66 at 2015-03-15 18:17:38 +0000
I, [2015-03-15T18:17:38.777686 #18344]  INFO -- : Processing by AccessPointsController#show as HTML
I, [2015-03-15T18:17:38.777800 #18344]  INFO -- :   Parameters: {"id"=>"14"}
I, [2015-03-15T18:17:38.781481 #18344]  INFO -- :   Rendered access_points/show.html.erb within layouts/application (0.8ms)
