I, [2015-03-15T01:47:06.566407 #8616]  INFO -- : Started POST "/access_points" for 82.2.92.239 at 2015-03-15 01:47:06 +0000
I, [2015-03-15T01:47:06.568549 #8616]  INFO -- : Processing by AccessPointsController#create as HTML
I, [2015-03-15T01:47:06.568696 #8616]  INFO -- :   Parameters: {"utf8"=>"", "authenticity_token"=>"iwMPkx/XEzi5JVCfUScGM/QQ7KyWm5f6xy/jCWPV2Jg=", "access_point"=>{"mac"=>"Test Two", "location"=>"LOL", "time(1i)"=>"2015", "time(2i)"=>"3", "time(3i)"=>"15", "time(4i)"=>"01", "time(5i)"=>"46", "notes"=>"I AM A GENIUS"}, "commit"=>"Create Access point"}
I, [2015-03-15T01:47:06.583613 #8616]  INFO -- : Redirected to http://178.62.73.203/access_points/4
I, [2015-03-15T01:47:06.584005 #8616]  INFO -- : Completed 302 Found in 15ms (ActiveRecord: 7.5ms)
I, [2015-03-15T01:47:06.613169 #8610]  INFO -- : Started GET "/access_points/4" for 82.2.92.239 at 2015-03-15 01:47:06 +0000
I, [2015-03-15T01:47:06.614634 #8610]  INFO -- : Processing by AccessPointsController#show as HTML
I, [2015-03-15T01:47:06.614763 #8610]  INFO -- :   Parameters: {"id"=>"4"}
I, [2015-03-15T01:47:06.619912 #8610]  INFO -- :   Rendered access_points/show.html.erb within layouts/application (1.3ms)
I, [2015-03-15T01:47:06.620723 #8610]  INFO -- : Completed 200 OK in 6ms (Views: 2.9ms | ActiveRecord: 0.4ms)
I, [2015-03-15T01:47:07.754427 #8616]  INFO -- : Started GET "/access_points" for 82.2.92.239 at 2015-03-15 01:47:07 +0000
I, [2015-03-15T01:47:07.755894 #8616]  INFO -- : Processing by AccessPointsController#index as HTML
I, [2015-03-15T01:47:07.760266 #8616]  INFO -- :   Rendered access_points/index.html.erb within layouts/application (3.1ms)
I, [2015-03-15T01:47:07.761102 #8616]  INFO -- : Completed 200 OK in 5ms (Views: 3.9ms | ActiveRecord: 0.4ms)
I, [2015-03-15T01:47:08.969840 #8610]  INFO -- : Started GET "/access_points/new" for 82.2.92.239 at 2015-03-15 01:47:08 +0000
I, [2015-03-15T01:47:08.971566 #8610]  INFO -- : Processing by AccessPointsController#new as HTML
I, [2015-03-15T01:47:08.984158 #8610]  INFO -- :   Rendered access_points/_form.html.erb (10.8ms)
I, [2015-03-15T01:47:08.984536 #8610]  INFO -- :   Rendered access_points/new.html.erb within layouts/application (11.4ms)
I, [2015-03-15T01:47:08.985336 #8610]  INFO -- : Completed 200 OK in 14ms (Views: 12.5ms | ActiveRecord: 0.0ms)
I, [2015-03-15T01:47:17.648212 #8616]  INFO -- : Started POST "/access_points" for 82.2.92.239 at 2015-03-15 01:47:17 +0000
I, [2015-03-15T01:47:17.650331 #8616]  INFO -- : Processing by AccessPointsController#create as HTML
I, [2015-03-15T01:47:17.650485 #8616]  INFO -- :   Parameters: {"utf8"=>"", "authenticity_token"=>"iwMPkx/XEzi5JVCfUScGM/QQ7KyWm5f6xy/jCWPV2Jg=", "access_point"=>{"mac"=>"ARE YOU IMPRESSED", "location"=>"YET", "time(1i)"=>"2015", "time(2i)"=>"3", "time(3i)"=>"15", "time(4i)"=>"01", "time(5i)"=>"47", "notes"=>"JUSTINA"}, "commit"=>"Create Access point"}
I, [2015-03-15T01:47:17.661107 #8616]  INFO -- : Redirected to http://178.62.73.203/access_points/5
I, [2015-03-15T01:47:17.661482 #8616]  INFO -- : Completed 302 Found in 11ms (ActiveRecord: 5.2ms)
I, [2015-03-15T01:47:17.689158 #8610]  INFO -- : Started GET "/access_points/5" for 82.2.92.239 at 2015-03-15 01:47:17 +0000
I, [2015-03-15T01:47:17.690361 #8610]  INFO -- : Processing by AccessPointsController#show as HTML
I, [2015-03-15T01:47:17.690421 #8610]  INFO -- :   Parameters: {"id"=>"5"}
I, [2015-03-15T01:47:17.692870 #8610]  INFO -- :   Rendered access_points/show.html.erb within layouts/application (0.6ms)
I, [2015-03-15T01:47:17.693516 #8610]  INFO -- : Completed 200 OK in 3ms (Views: 1.5ms | ActiveRecord: 0.2ms)
I, [2015-03-15T01:47:18.945636 #8608]  INFO -- : Started GET "/access_points" for 82.2.92.239 at 2015-03-15 01:47:18 +0000
I, [2015-03-15T01:47:18.954124 #8608]  INFO -- : Processing by AccessPointsController#index as HTML
I, [2015-03-15T01:47:18.979134 #8608]  INFO -- :   Rendered access_points/index.html.erb within layouts/application (12.7ms)
I, [2015-03-15T01:47:18.980637 #8608]  INFO -- : Completed 200 OK in 26ms (Views: 14.9ms | ActiveRecord: 0.9ms)
I, [2015-03-15T01:48:16.895576 #8616]  INFO -- : Started GET "/access_points" for 82.2.92.239 at 2015-03-15 01:48:16 +0000
I, [2015-03-15T01:48:16.897056 #8616]  INFO -- : Processing by AccessPointsController#index as HTML
I, [2015-03-15T01:48:16.902075 #8616]  INFO -- :   Rendered access_points/index.html.erb within layouts/application (3.8ms)
I, [2015-03-15T01:48:16.902888 #8616]  INFO -- : Completed 200 OK in 6ms (Views: 4.6ms | ActiveRecord: 0.4ms)
I, [2015-03-15T01:48:42.592717 #8610]  INFO -- : Started GET "/access_points" for 86.135.26.6 at 2015-03-15 01:48:42 +0000
I, [2015-03-15T01:48:42.594928 #8610]  INFO -- : Processing by AccessPointsController#index as HTML
I, [2015-03-15T01:48:42.601421 #8610]  INFO -- :   Rendered access_points/index.html.erb within layouts/application (4.2ms)
I, [2015-03-15T01:48:42.602158 #8610]  INFO -- : Completed 200 OK in 7ms (Views: 5.1ms | ActiveRecord: 0.5ms)
I, [2015-03-15T01:48:57.812799 #8616]  INFO -- : Started GET "/" for 86.135.26.6 at 2015-03-15 01:48:57 +0000
I, [2015-03-15T01:48:57.815521 #8616]  INFO -- : Processing by HomeController#index as HTML
I, [2015-03-15T01:48:57.820081 #8616]  INFO -- :   Rendered home/index.html.erb within layouts/application (1.5ms)
I, [2015-03-15T01:48:57.821102 #8616]  INFO -- : Completed 200 OK in 5ms (Views: 4.2ms | ActiveRecord: 0.0ms)
I, [2015-03-15T01:49:31.765620 #8613]  INFO -- : Started GET "/access_points" for 82.2.92.239 at 2015-03-15 01:49:31 +0000
I, [2015-03-15T01:49:31.772565 #8613]  INFO -- : Processing by AccessPointsController#index as HTML
I, [2015-03-15T01:49:31.797015 #8613]  INFO -- :   Rendered access_points/index.html.erb within layouts/application (12.9ms)
I, [2015-03-15T01:49:31.798608 #8613]  INFO -- : Completed 200 OK in 26ms (Views: 15.2ms | ActiveRecord: 1.0ms)
I, [2015-03-15T01:52:35.268584 #8616]  INFO -- : Started DELETE "/access_points/5" for 82.2.92.239 at 2015-03-15 01:52:35 +0000
I, [2015-03-15T01:52:35.270691 #8616]  INFO -- : Processing by AccessPointsController#destroy as HTML
I, [2015-03-15T01:52:35.270794 #8616]  INFO -- :   Parameters: {"authenticity_token"=>"iwMPkx/XEzi5JVCfUScGM/QQ7KyWm5f6xy/jCWPV2Jg=", "id"=>"5"}
I, [2015-03-15T01:52:35.279296 #8616]  INFO -- : Redirected to http://178.62.73.203/access_points
I, [2015-03-15T01:52:35.279503 #8616]  INFO -- : Completed 302 Found in 9ms (ActiveRecord: 4.2ms)
I, [2015-03-15T01:52:35.306896 #8613]  INFO -- : Started GET "/access_points" for 82.2.92.239 at 2015-03-15 01:52:35 +0000
I, [2015-03-15T01:52:35.308750 #8613]  INFO -- : Processing by AccessPointsController#index as HTML
I, [2015-03-15T01:52:35.312256 #8613]  INFO -- :   Rendered access_points/index.html.erb within layouts/application (2.4ms)
I, [2015-03-15T01:52:35.312869 #8613]  INFO -- : Completed 200 OK in 4ms (Views: 3.0ms | ActiveRecord: 0.3ms)
I, [2015-03-15T10:05:50.517679 #8613]  INFO -- : Started GET "/" for 84.92.36.42 at 2015-03-15 10:05:50 +0000
I, [2015-03-15T10:05:50.525077 #8613]  INFO -- : Processing by HomeController#index as HTML
I, [2015-03-15T10:05:50.533841 #8613]  INFO -- :   Rendered home/index.html.erb within layouts/application (2.3ms)
I, [2015-03-15T10:05:50.535361 #8613]  INFO -- : Completed 200 OK in 10ms (Views: 7.1ms | ActiveRecord: 0.0ms)
I, [2015-03-15T10:06:16.400855 #8608]  INFO -- : Started GET "/access_points" for 84.92.36.42 at 2015-03-15 10:06:16 +0000
I, [2015-03-15T10:06:16.413360 #8608]  INFO -- : Processing by AccessPointsController#index as HTML
I, [2015-03-15T10:06:16.429997 #8608]  INFO -- :   Rendered access_points/index.html.erb within layouts/application (11.5ms)
I, [2015-03-15T10:06:16.431868 #8608]  INFO -- : Completed 200 OK in 18ms (Views: 13.6ms | ActiveRecord: 1.4ms)
I, [2015-03-15T10:06:32.515730 #8610]  INFO -- : Started GET "/access_points" for 84.92.36.42 at 2015-03-15 10:06:32 +0000
I, [2015-03-15T10:06:32.523395 #8610]  INFO -- : Processing by AccessPointsController#index as HTML
I, [2015-03-15T10:06:32.536659 #8610]  INFO -- :   Rendered access_points/index.html.erb within layouts/application (8.8ms)
I, [2015-03-15T10:06:32.538696 #8610]  INFO -- : Completed 200 OK in 15ms (Views: 11.1ms | ActiveRecord: 0.8ms)
I, [2015-03-15T10:06:42.771231 #8616]  INFO -- : Started GET "/" for 84.92.36.42 at 2015-03-15 10:06:42 +0000
I, [2015-03-15T10:06:42.785802 #8616]  INFO -- : Processing by HomeController#index as HTML
I, [2015-03-15T10:06:42.794248 #8616]  INFO -- :   Rendered home/index.html.erb within layouts/application (1.9ms)
I, [2015-03-15T10:06:42.797542 #8616]  INFO -- : Completed 200 OK in 11ms (Views: 7.6ms | ActiveRecord: 0.0ms)
I, [2015-03-15T10:06:44.440745 #8610]  INFO -- : Started GET "/access_points" for 84.92.36.42 at 2015-03-15 10:06:44 +0000
I, [2015-03-15T10:06:44.442897 #8610]  INFO -- : Processing by AccessPointsController#index as HTML
I, [2015-03-15T10:06:44.450277 #8610]  INFO -- :   Rendered access_points/index.html.erb within layouts/application (5.0ms)
I, [2015-03-15T10:06:44.452069 #8610]  INFO -- : Completed 200 OK in 9ms (Views: 6.7ms | ActiveRecord: 0.5ms)
I, [2015-03-15T10:06:45.219882 #8616]  INFO -- : Started GET "/" for 84.92.36.42 at 2015-03-15 10:06:45 +0000
I, [2015-03-15T10:06:45.221601 #8616]  INFO -- : Processing by HomeController#index as HTML
I, [2015-03-15T10:06:45.224514 #8616]  INFO -- :   Rendered home/index.html.erb within layouts/application (1.0ms)
I, [2015-03-15T10:06:45.226400 #8616]  INFO -- : Completed 200 OK in 5ms (Views: 3.4ms | ActiveRecord: 0.0ms)
I, [2015-03-15T10:52:40.700502 #8610]  INFO -- : Started GET "/phph/php/ph.php" for 140.114.53.172 at 2015-03-15 10:52:40 +0000
F, [2015-03-15T10:52:40.705229 #8610] FATAL -- : 
ActionController::RoutingError (No route matches [GET] "/phph/php/ph.php"):
  actionpack (4.0.2) lib/action_dispatch/middleware/debug_exceptions.rb:21:in `call'
  actionpack (4.0.2) lib/action_dispatch/middleware/show_exceptions.rb:30:in `call'
  railties (4.0.2) lib/rails/rack/logger.rb:38:in `call_app'
  railties (4.0.2) lib/rails/rack/logger.rb:20:in `block in call'
  activesupport (4.0.2) lib/active_support/tagged_logging.rb:67:in `block in tagged'
  activesupport (4.0.2) lib/active_support/tagged_logging.rb:25:in `tagged'
  activesupport (4.0.2) lib/active_support/tagged_logging.rb:67:in `tagged'
  railties (4.0.2) lib/rails/rack/logger.rb:20:in `call'
  actionpack (4.0.2) lib/action_dispatch/middleware/request_id.rb:21:in `call'
  rack (1.5.2) lib/rack/methodoverride.rb:21:in `call'
  rack (1.5.2) lib/rack/runtime.rb:17:in `call'
  activesupport (4.0.2) lib/active_support/cache/strategy/local_cache.rb:83:in `call'
  rack (1.5.2) lib/rack/sendfile.rb:112:in `call'
  railties (4.0.2) lib/rails/engine.rb:511:in `call'
  railties (4.0.2) lib/rails/application.rb:97:in `call'
  unicorn (4.8.3) lib/unicorn/http_server.rb:576:in `process_client'
  unicorn (4.8.3) lib/unicorn/http_server.rb:670:in `worker_loop'
  unicorn (4.8.3) lib/unicorn/http_server.rb:525:in `spawn_missing_workers'
  unicorn (4.8.3) lib/unicorn/http_server.rb:140:in `start'
  unicorn (4.8.3) bin/unicorn:126:in `<top (required)>'
  /usr/local/rvm/gems/ruby-2.1.3/bin/unicorn:23:in `load'
  /usr/local/rvm/gems/ruby-2.1.3/bin/unicorn:23:in `<main>'
  /usr/local/rvm/gems/ruby-2.0.0-p353/bin/ruby_executable_hooks:15:in `eval'
  /usr/local/rvm/gems/ruby-2.0.0-p353/bin/ruby_executable_hooks:15:in `<main>'


I, [2015-03-15T10:52:41.380005 #8613]  INFO -- : Started GET "/phpMyAdmin/scripts/setup.php" for 140.114.53.172 at 2015-03-15 10:52:41 +0000
F, [2015-03-15T10:52:41.386689 #8613] FATAL -- : 
ActionController::RoutingError (No route matches [GET] "/phpMyAdmin/scripts/setup.php"):
  actionpack (4.0.2) lib/action_dispatch/middleware/debug_exceptions.rb:21:in `call'
  actionpack (4.0.2) lib/action_dispatch/middleware/show_exceptions.rb:30:in `call'
  railties (4.0.2) lib/rails/rack/logger.rb:38:in `call_app'
  railties (4.0.2) lib/rails/rack/logger.rb:20:in `block in call'
  activesupport (4.0.2) lib/active_support/tagged_logging.rb:67:in `block in tagged'
  activesupport (4.0.2) lib/active_support/tagged_logging.rb:25:in `tagged'
  activesupport (4.0.2) lib/active_support/tagged_logging.rb:67:in `tagged'
  railties (4.0.2) lib/rails/rack/logger.rb:20:in `call'
  actionpack (4.0.2) lib/action_dispatch/middleware/request_id.rb:21:in `call'
  rack (1.5.2) lib/rack/methodoverride.rb:21:in `call'
  rack (1.5.2) lib/rack/runtime.rb:17:in `call'
  activesupport (4.0.2) lib/active_support/cache/strategy/local_cache.rb:83:in `call'
  rack (1.5.2) lib/rack/sendfile.rb:112:in `call'
  railties (4.0.2) lib/rails/engine.rb:511:in `call'
  railties (4.0.2) lib/rails/application.rb:97:in `call'
  unicorn (4.8.3) lib/unicorn/http_server.rb:576:in `process_client'
  unicorn (4.8.3) lib/unicorn/http_server.rb:670:in `worker_loop'
  unicorn (4.8.3) lib/unicorn/http_server.rb:525:in `spawn_missing_workers'
  unicorn (4.8.3) lib/unicorn/http_server.rb:140:in `start'
  unicorn (4.8.3) bin/unicorn:126:in `<top (required)>'
  /usr/local/rvm/gems/ruby-2.1.3/bin/unicorn:23:in `load'
  /usr/local/rvm/gems/ruby-2.1.3/bin/unicorn:23:in `<main>'
  /usr/local/rvm/gems/ruby-2.0.0-p353/bin/ruby_executable_hooks:15:in `eval'
  /usr/local/rvm/gems/ruby-2.0.0-p353/bin/ruby_executable_hooks:15:in `<main>'


I, [2015-03-15T10:52:42.052516 #8610]  INFO -- : Started GET "/pma/scripts/setup.php" for 140.114.53.172 at 2015-03-15 10:52:42 +0000
F, [2015-03-15T10:52:42.055581 #8610] FATAL -- : 
ActionController::RoutingError (No route matches [GET] "/pma/scripts/setup.php"):
  actionpack (4.0.2) lib/action_dispatch/middleware/debug_exceptions.rb:21:in `call'
  actionpack (4.0.2) lib/action_dispatch/middleware/show_exceptions.rb:30:in `call'
  railties (4.0.2) lib/rails/rack/logger.rb:38:in `call_app'
  railties (4.0.2) lib/rails/rack/logger.rb:20:in `block in call'
  activesupport (4.0.2) lib/active_support/tagged_logging.rb:67:in `block in tagged'
  activesupport (4.0.2) lib/active_support/tagged_logging.rb:25:in `tagged'
  activesupport (4.0.2) lib/active_support/tagged_logging.rb:67:in `tagged'
  railties (4.0.2) lib/rails/rack/logger.rb:20:in `call'
  actionpack (4.0.2) lib/action_dispatch/middleware/request_id.rb:21:in `call'
  rack (1.5.2) lib/rack/methodoverride.rb:21:in `call'
  rack (1.5.2) lib/rack/runtime.rb:17:in `call'
  activesupport (4.0.2) lib/active_support/cache/strategy/local_cache.rb:83:in `call'
  rack (1.5.2) lib/rack/sendfile.rb:112:in `call'
  railties (4.0.2) lib/rails/engine.rb:511:in `call'
  railties (4.0.2) lib/rails/application.rb:97:in `call'
  unicorn (4.8.3) lib/unicorn/http_server.rb:576:in `process_client'
  unicorn (4.8.3) lib/unicorn/http_server.rb:670:in `worker_loop'
  unicorn (4.8.3) lib/unicorn/http_server.rb:525:in `spawn_missing_workers'
  unicorn (4.8.3) lib/unicorn/http_server.rb:140:in `start'
  unicorn (4.8.3) bin/unicorn:126:in `<top (required)>'
  /usr/local/rvm/gems/ruby-2.1.3/bin/unicorn:23:in `load'
  /usr/local/rvm/gems/ruby-2.1.3/bin/unicorn:23:in `<main>'
  /usr/local/rvm/gems/ruby-2.0.0-p353/bin/ruby_executable_hooks:15:in `eval'
  /usr/local/rvm/gems/ruby-2.0.0-p353/bin/ruby_executable_hooks:15:in `<main>'


I, [2015-03-15T10:52:42.739273 #8608]  INFO -- : Started GET "/myadmin/scripts/setup.php" for 140.114.53.172 at 2015-03-15 10:52:42 +0000
F, [2015-03-15T10:52:42.743566 #8608] FATAL -- : 
ActionController::RoutingError (No route matches [GET] "/myadmin/scripts/setup.php"):
  actionpack (4.0.2) lib/action_dispatch/middleware/debug_exceptions.rb:21:in `call'
  actionpack (4.0.2) lib/action_dispatch/middleware/show_exceptions.rb:30:in `call'
  railties (4.0.2) lib/rails/rack/logger.rb:38:in `call_app'
  railties (4.0.2) lib/rails/rack/logger.rb:20:in `block in call'
  activesupport (4.0.2) lib/active_support/tagged_logging.rb:67:in `block in tagged'
  activesupport (4.0.2) lib/active_support/tagged_logging.rb:25:in `tagged'
  activesupport (4.0.2) lib/active_support/tagged_logging.rb:67:in `tagged'
  railties (4.0.2) lib/rails/rack/logger.rb:20:in `call'
  actionpack (4.0.2) lib/action_dispatch/middleware/request_id.rb:21:in `call'
  rack (1.5.2) lib/rack/methodoverride.rb:21:in `call'
  rack (1.5.2) lib/rack/runtime.rb:17:in `call'
  activesupport (4.0.2) lib/active_support/cache/strategy/local_cache.rb:83:in `call'
  rack (1.5.2) lib/rack/sendfile.rb:112:in `call'
  railties (4.0.2) lib/rails/engine.rb:511:in `call'
  railties (4.0.2) lib/rails/application.rb:97:in `call'
  unicorn (4.8.3) lib/unicorn/http_server.rb:576:in `process_client'
  unicorn (4.8.3) lib/unicorn/http_server.rb:670:in `worker_loop'
  unicorn (4.8.3) lib/unicorn/http_server.rb:525:in `spawn_missing_workers'
  unicorn (4.8.3) lib/unicorn/http_server.rb:140:in `start'
  unicorn (4.8.3) bin/unicorn:126:in `<top (required)>'
  /usr/local/rvm/gems/ruby-2.1.3/bin/unicorn:23:in `load'
  /usr/local/rvm/gems/ruby-2.1.3/bin/unicorn:23:in `<main>'
  /usr/local/rvm/gems/ruby-2.0.0-p353/bin/ruby_executable_hooks:15:in `eval'
  /usr/local/rvm/gems/ruby-2.0.0-p353/bin/ruby_executable_hooks:15:in `<main>'


I, [2015-03-15T12:58:33.149659 #8613]  INFO -- : Started GET "/" for 198.15.117.151 at 2015-03-15 12:58:33 +0000
I, [2015-03-15T12:58:33.156997 #8613]  INFO -- : Processing by HomeController#index as HTML
I, [2015-03-15T12:58:33.160318 #8613]  INFO -- :   Rendered home/index.html.erb within layouts/application (0.9ms)
I, [2015-03-15T12:58:33.162167 #8613]  INFO -- : Completed 200 OK in 5ms (Views: 4.0ms | ActiveRecord: 0.0ms)
I, [2015-03-15T14:48:19.419562 #8616]  INFO -- : Started GET "/access_points" for 82.2.92.239 at 2015-03-15 14:48:19 +0000
I, [2015-03-15T14:48:19.429112 #8616]  INFO -- : Processing by AccessPointsController#index as HTML
I, [2015-03-15T14:48:19.474466 #8616]  INFO -- :   Rendered access_points/index.html.erb within layouts/application (4.3ms)
I, [2015-03-15T14:48:19.475634 #8616]  INFO -- : Completed 200 OK in 46ms (Views: 42.1ms | ActiveRecord: 1.0ms)
I, [2015-03-15T14:48:41.621319 #8608]  INFO -- : Started GET "/access_points/1" for 82.2.92.239 at 2015-03-15 14:48:41 +0000
I, [2015-03-15T14:48:41.628890 #8608]  INFO -- : Processing by AccessPointsController#show as HTML
I, [2015-03-15T14:48:41.629157 #8608]  INFO -- :   Parameters: {"id"=>"1"}
I, [2015-03-15T14:48:41.653408 #8608]  INFO -- :   Rendered access_points/show.html.erb within layouts/application (4.2ms)
I, [2015-03-15T14:48:41.655133 #8608]  INFO -- : Completed 200 OK in 26ms (Views: 8.1ms | ActiveRecord: 1.4ms)
I, [2015-03-15T14:49:15.439449 #8613]  INFO -- : Started GET "/access_points" for 82.2.92.239 at 2015-03-15 14:49:15 +0000
I, [2015-03-15T14:49:15.453763 #8613]  INFO -- : Processing by AccessPointsController#index as HTML
I, [2015-03-15T14:49:15.470602 #8613]  INFO -- :   Rendered access_points/index.html.erb within layouts/application (9.4ms)
I, [2015-03-15T14:49:15.472955 #8613]  INFO -- : Completed 200 OK in 19ms (Views: 13.4ms | ActiveRecord: 0.8ms)
I, [2015-03-15T14:49:16.103126 #8608]  INFO -- : Started GET "/" for 82.2.92.239 at 2015-03-15 14:49:16 +0000
I, [2015-03-15T14:49:16.106434 #8608]  INFO -- : Processing by HomeController#index as HTML
I, [2015-03-15T14:49:16.112750 #8608]  INFO -- :   Rendered home/index.html.erb within layouts/application (2.0ms)
I, [2015-03-15T14:49:16.113937 #8608]  INFO -- : Completed 200 OK in 7ms (Views: 5.5ms | ActiveRecord: 0.0ms)
I, [2015-03-15T14:49:16.937000 #8613]  INFO -- : Started GET "/access_points" for 82.2.92.239 at 2015-03-15 14:49:16 +0000
I, [2015-03-15T14:49:16.938343 #8613]  INFO -- : Processing by AccessPointsController#index as HTML
I, [2015-03-15T14:49:16.944153 #8613]  INFO -- :   Rendered access_points/index.html.erb within layouts/application (4.5ms)
I, [2015-03-15T14:49:16.945278 #8613]  INFO -- : Completed 200 OK in 7ms (Views: 5.3ms | ActiveRecord: 0.6ms)
I, [2015-03-15T14:49:17.563324 #8608]  INFO -- : Started GET "/" for 82.2.92.239 at 2015-03-15 14:49:17 +0000
I, [2015-03-15T14:49:17.565395 #8608]  INFO -- : Processing by HomeController#index as HTML
I, [2015-03-15T14:49:17.567170 #8608]  INFO -- :   Rendered home/index.html.erb within layouts/application (0.5ms)
I, [2015-03-15T14:49:17.568836 #8608]  INFO -- : Completed 200 OK in 3ms (Views: 2.5ms | ActiveRecord: 0.0ms)
I, [2015-03-15T15:13:40.053250 #8616]  INFO -- : Started GET "/access_points" for 82.2.92.239 at 2015-03-15 15:13:40 +0000
I, [2015-03-15T15:13:40.058733 #8616]  INFO -- : Processing by AccessPointsController#index as HTML
I, [2015-03-15T15:13:40.071407 #8616]  INFO -- :   Rendered access_points/index.html.erb within layouts/application (8.7ms)
I, [2015-03-15T15:13:40.073389 #8616]  INFO -- : Completed 200 OK in 14ms (Views: 10.6ms | ActiveRecord: 1.1ms)
I, [2015-03-15T15:13:43.861533 #8610]  INFO -- : Started GET "/" for 82.2.92.239 at 2015-03-15 15:13:43 +0000
I, [2015-03-15T15:13:43.872024 #8610]  INFO -- : Processing by HomeController#index as HTML
I, [2015-03-15T15:13:43.883263 #8610]  INFO -- :   Rendered home/index.html.erb within layouts/application (3.1ms)
I, [2015-03-15T15:13:43.886066 #8610]  INFO -- : Completed 200 OK in 14ms (Views: 9.9ms | ActiveRecord: 0.0ms)
I, [2015-03-15T15:15:39.757913 #8616]  INFO -- : Started GET "/" for 137.73.84.66 at 2015-03-15 15:15:39 +0000
I, [2015-03-15T15:15:39.761581 #8616]  INFO -- : Processing by HomeController#index as HTML
I, [2015-03-15T15:15:39.764711 #8616]  INFO -- :   Rendered home/index.html.erb within layouts/application (0.9ms)
I, [2015-03-15T15:15:39.766632 #8616]  INFO -- : Completed 200 OK in 5ms (Views: 3.9ms | ActiveRecord: 0.0ms)
I, [2015-03-15T15:15:54.122960 #8613]  INFO -- : Started GET "/access_points" for 137.73.84.66 at 2015-03-15 15:15:54 +0000
I, [2015-03-15T15:15:54.128532 #8613]  INFO -- : Processing by AccessPointsController#index as HTML
I, [2015-03-15T15:15:54.140253 #8613]  INFO -- :   Rendered access_points/index.html.erb within layouts/application (7.8ms)
I, [2015-03-15T15:15:54.142258 #8613]  INFO -- : Completed 200 OK in 13ms (Views: 9.8ms | ActiveRecord: 1.2ms)
I, [2015-03-15T15:16:11.841742 #8608]  INFO -- : Started GET "/access_points" for 82.2.92.239 at 2015-03-15 15:16:11 +0000
I, [2015-03-15T15:16:11.848626 #8608]  INFO -- : Processing by AccessPointsController#index as HTML
I, [2015-03-15T15:16:11.861327 #8608]  INFO -- :   Rendered access_points/index.html.erb within layouts/application (8.5ms)
I, [2015-03-15T15:16:11.863065 #8608]  INFO -- : Completed 200 OK in 14ms (Views: 10.9ms | ActiveRecord: 1.1ms)
I, [2015-03-15T15:24:06.399185 #8610]  INFO -- : Started GET "/" for 84.92.36.42 at 2015-03-15 15:24:06 +0000
I, [2015-03-15T15:24:06.414011 #8610]  INFO -- : Processing by HomeController#index as HTML
I, [2015-03-15T15:24:06.419204 #8610]  INFO -- :   Rendered home/index.html.erb within layouts/application (1.3ms)
I, [2015-03-15T15:24:06.421575 #8610]  INFO -- : Completed 200 OK in 7ms (Views: 5.1ms | ActiveRecord: 0.0ms)
I, [2015-03-15T16:18:07.721399 #8610]  INFO -- : Started GET "/access_points" for 82.2.92.239 at 2015-03-15 16:18:07 +0000
I, [2015-03-15T16:18:07.727520 #8610]  INFO -- : Processing by AccessPointsController#index as HTML
I, [2015-03-15T16:18:07.742443 #8610]  INFO -- :   Rendered access_points/index.html.erb within layouts/application (11.0ms)
I, [2015-03-15T16:18:07.744354 #8610]  INFO -- : Completed 200 OK in 17ms (Views: 13.0ms | ActiveRecord: 1.3ms)
I, [2015-03-15T16:18:10.991367 #8613]  INFO -- : Started GET "/access_points" for 82.2.92.239 at 2015-03-15 16:18:10 +0000
I, [2015-03-15T16:18:10.996564 #8613]  INFO -- : Processing by AccessPointsController#index as HTML
I, [2015-03-15T16:18:11.008304 #8613]  INFO -- :   Rendered access_points/index.html.erb within layouts/application (7.3ms)
I, [2015-03-15T16:18:11.010336 #8613]  INFO -- : Completed 200 OK in 13ms (Views: 9.9ms | ActiveRecord: 0.8ms)
I, [2015-03-15T16:18:41.295553 #17771]  INFO -- : Started GET "/access_points" for 82.2.92.239 at 2015-03-15 16:18:41 +0000
I, [2015-03-15T16:18:41.301613 #17767]  INFO -- : Started GET "/access_points" for 82.2.92.239 at 2015-03-15 16:18:41 +0000
I, [2015-03-15T16:18:41.308148 #17762]  INFO -- : Started GET "/access_points" for 82.2.92.239 at 2015-03-15 16:18:41 +0000
I, [2015-03-15T16:18:41.318528 #17771]  INFO -- : Processing by AccessPointsController#index as HTML
I, [2015-03-15T16:18:41.323467 #17762]  INFO -- : Processing by AccessPointsController#index as HTML
I, [2015-03-15T16:18:41.324900 #17767]  INFO -- : Processing by AccessPointsController#index as HTML
I, [2015-03-15T16:18:41.409454 #17771]  INFO -- :   Rendered access_points/index.html.erb within layouts/application (52.4ms)
I, [2015-03-15T16:18:41.412223 #17767]  INFO -- :   Rendered access_points/index.html.erb within layouts/application (42.8ms)
I, [2015-03-15T16:18:41.415208 #17767]  INFO -- : Completed 200 OK in 90ms (Views: 55.4ms | ActiveRecord: 9.2ms)
I, [2015-03-15T16:18:41.418286 #17762]  INFO -- :   Rendered access_points/index.html.erb within layouts/application (62.8ms)
I, [2015-03-15T16:18:41.411865 #17771]  INFO -- : Completed 200 OK in 93ms (Views: 50.6ms | ActiveRecord: 9.4ms)
I, [2015-03-15T16:18:41.425476 #17762]  INFO -- : Completed 200 OK in 102ms (Views: 70.4ms | ActiveRecord: 1.3ms)
I, [2015-03-15T16:35:03.009775 #17767]  INFO -- : Started GET "/access_points" for 31.13.102.123 at 2015-03-15 16:35:03 +0000
I, [2015-03-15T16:35:03.017923 #17767]  INFO -- : Processing by AccessPointsController#index as */*
I, [2015-03-15T16:35:03.033932 #17767]  INFO -- :   Rendered access_points/index.html.erb within layouts/application (9.2ms)
I, [2015-03-15T16:35:03.035761 #17767]  INFO -- : Completed 200 OK in 18ms (Views: 15.1ms | ActiveRecord: 0.9ms)
I, [2015-03-15T16:36:55.098454 #17762]  INFO -- : Started GET "/access_points" for 92.14.145.230 at 2015-03-15 16:36:55 +0000
I, [2015-03-15T16:36:55.113653 #17762]  INFO -- : Processing by AccessPointsController#index as HTML
I, [2015-03-15T16:36:55.136205 #17762]  INFO -- :   Rendered access_points/index.html.erb within layouts/application (14.3ms)
I, [2015-03-15T16:36:55.139523 #17762]  INFO -- : Completed 200 OK in 25ms (Views: 19.1ms | ActiveRecord: 1.5ms)
I, [2015-03-15T16:37:39.402008 #17765]  INFO -- : Started GET "/" for 82.2.92.239 at 2015-03-15 16:37:39 +0000
I, [2015-03-15T16:37:39.418054 #17765]  INFO -- : Processing by HomeController#index as HTML
I, [2015-03-15T16:37:39.434001 #17765]  INFO -- :   Rendered home/index.html.erb within layouts/application (2.4ms)
I, [2015-03-15T16:37:39.436232 #17765]  INFO -- : Completed 200 OK in 18ms (Views: 8.1ms | ActiveRecord: 0.0ms)
I, [2015-03-15T16:37:41.649208 #17767]  INFO -- : Started GET "/access_points" for 82.2.92.239 at 2015-03-15 16:37:41 +0000
I, [2015-03-15T16:37:41.651023 #17767]  INFO -- : Processing by AccessPointsController#index as HTML
I, [2015-03-15T16:37:41.656736 #17767]  INFO -- :   Rendered access_points/index.html.erb within layouts/application (3.7ms)
I, [2015-03-15T16:37:41.657762 #17767]  INFO -- : Completed 200 OK in 7ms (Views: 4.9ms | ActiveRecord: 0.4ms)
I, [2015-03-15T17:02:44.603840 #17762]  INFO -- : Started GET "/access_points" for 82.2.92.239 at 2015-03-15 17:02:44 +0000
I, [2015-03-15T17:02:44.608387 #17762]  INFO -- : Processing by AccessPointsController#index as HTML
I, [2015-03-15T17:02:44.617384 #17762]  INFO -- :   Rendered access_points/index.html.erb within layouts/application (6.3ms)
I, [2015-03-15T17:02:44.619600 #17762]  INFO -- : Completed 200 OK in 11ms (Views: 8.7ms | ActiveRecord: 0.6ms)
I, [2015-03-15T17:33:29.453895 #17765]  INFO -- : Started GET "/" for 82.2.92.239 at 2015-03-15 17:33:29 +0000
I, [2015-03-15T17:33:29.459762 #17765]  INFO -- : Processing by HomeController#index as HTML
I, [2015-03-15T17:33:29.464884 #17765]  INFO -- :   Rendered home/index.html.erb within layouts/application (1.4ms)
I, [2015-03-15T17:33:29.467141 #17765]  INFO -- : Completed 200 OK in 7ms (Views: 5.6ms | ActiveRecord: 0.0ms)
I, [2015-03-15T17:34:56.259138 #17767]  INFO -- : Started GET "/" for 82.2.92.239 at 2015-03-15 17:34:56 +0000
I, [2015-03-15T17:34:56.273423 #17767]  INFO -- : Processing by HomeController#index as HTML
I, [2015-03-15T17:34:56.285306 #17767]  INFO -- :   Rendered home/index.html.erb within layouts/application (3.4ms)
I, [2015-03-15T17:34:56.288185 #17767]  INFO -- : Completed 200 OK in 14ms (Views: 10.2ms | ActiveRecord: 0.0ms)
I, [2015-03-15T17:35:21.265413 #18083]  INFO -- : Started GET "/" for 82.2.92.239 at 2015-03-15 17:35:21 +0000
I, [2015-03-15T17:35:21.275725 #18083]  INFO -- : Processing by HomeController#index as HTML
I, [2015-03-15T17:35:21.290534 #18083]  INFO -- :   Rendered home/index.html.erb within layouts/application (1.7ms)
I, [2015-03-15T17:35:21.292423 #18083]  INFO -- : Completed 200 OK in 16ms (Views: 5.7ms | ActiveRecord: 0.0ms)
I, [2015-03-15T17:35:32.818183 #18078]  INFO -- : Started GET "/access_points" for 82.2.92.239 at 2015-03-15 17:35:32 +0000
I, [2015-03-15T17:35:32.827770 #18078]  INFO -- : Processing by AccessPointsController#index as HTML
I, [2015-03-15T17:35:32.855881 #18078]  INFO -- :   Rendered access_points/index.html.erb within layouts/application (15.1ms)
I, [2015-03-15T17:35:32.857711 #18078]  INFO -- : Completed 200 OK in 30ms (Views: 17.2ms | ActiveRecord: 1.5ms)
I, [2015-03-15T17:36:42.588401 #18123]  INFO -- : Started GET "/access_points" for 82.2.92.239 at 2015-03-15 17:36:42 +0000
I, [2015-03-15T17:36:42.595045 #18123]  INFO -- : Processing by AccessPointsController#index as HTML
I, [2015-03-15T17:36:42.620250 #18123]  INFO -- :   Rendered access_points/index.html.erb within layouts/application (13.4ms)
I, [2015-03-15T17:36:42.621964 #18123]  INFO -- : Completed 200 OK in 27ms (Views: 16.0ms | ActiveRecord: 1.1ms)
I, [2015-03-15T17:39:39.343133 #18120]  INFO -- : Started POST "/access_points" for 127.0.0.1 at 2015-03-15 17:39:39 +0000
I, [2015-03-15T17:39:39.352156 #18120]  INFO -- : Processing by AccessPointsController#create as */*
I, [2015-03-15T17:39:39.352351 #18120]  INFO -- :   Parameters: {"access_point"=>{"id"=>"0"}}
W, [2015-03-15T17:39:39.360477 #18120]  WARN -- : Can't verify CSRF token authenticity
I, [2015-03-15T17:39:39.361142 #18120]  INFO -- : Completed 422 Unprocessable Entity in 9ms
F, [2015-03-15T17:39:39.363823 #18120] FATAL -- : 
ActionController::InvalidAuthenticityToken (ActionController::InvalidAuthenticityToken):
  actionpack (4.0.2) lib/action_controller/metal/request_forgery_protection.rb:163:in `handle_unverified_request'
  actionpack (4.0.2) lib/action_controller/metal/request_forgery_protection.rb:170:in `handle_unverified_request'
  actionpack (4.0.2) lib/action_controller/metal/request_forgery_protection.rb:177:in `verify_authenticity_token'
  activesupport (4.0.2) lib/active_support/callbacks.rb:377:in `_run__3156984134126342330__process_action__callbacks'
  activesupport (4.0.2) lib/active_support/callbacks.rb:80:in `run_callbacks'
  actionpack (4.0.2) lib/abstract_controller/callbacks.rb:17:in `process_action'
  actionpack (4.0.2) lib/action_controller/metal/rescue.rb:29:in `process_action'
  actionpack (4.0.2) lib/action_controller/metal/instrumentation.rb:31:in `block in process_action'
  activesupport (4.0.2) lib/active_support/notifications.rb:159:in `block in instrument'
  activesupport (4.0.2) lib/active_support/notifications/instrumenter.rb:20:in `instrument'
  activesupport (4.0.2) lib/active_support/notifications.rb:159:in `instrument'
  actionpack (4.0.2) lib/action_controller/metal/instrumentation.rb:30:in `process_action'
  actionpack (4.0.2) lib/action_controller/metal/params_wrapper.rb:245:in `process_action'
  activerecord (4.0.2) lib/active_record/railties/controller_runtime.rb:18:in `process_action'
  actionpack (4.0.2) lib/abstract_controller/base.rb:136:in `process'
  actionpack (4.0.2) lib/abstract_controller/rendering.rb:44:in `process'
  actionpack (4.0.2) lib/action_controller/metal.rb:195:in `dispatch'
  actionpack (4.0.2) lib/action_controller/metal/rack_delegation.rb:13:in `dispatch'
  actionpack (4.0.2) lib/action_controller/metal.rb:231:in `block in action'
  actionpack (4.0.2) lib/action_dispatch/routing/route_set.rb:80:in `call'
  actionpack (4.0.2) lib/action_dispatch/routing/route_set.rb:80:in `dispatch'
  actionpack (4.0.2) lib/action_dispatch/routing/route_set.rb:48:in `call'
  actionpack (4.0.2) lib/action_dispatch/journey/router.rb:71:in `block in call'
  actionpack (4.0.2) lib/action_dispatch/journey/router.rb:59:in `each'
  actionpack (4.0.2) lib/action_dispatch/journey/router.rb:59:in `call'
  actionpack (4.0.2) lib/action_dispatch/routing/route_set.rb:680:in `call'
  rack (1.5.2) lib/rack/etag.rb:23:in `call'
  rack (1.5.2) lib/rack/conditionalget.rb:35:in `call'
  rack (1.5.2) lib/rack/head.rb:11:in `call'
  actionpack (4.0.2) lib/action_dispatch/middleware/params_parser.rb:27:in `call'
  actionpack (4.0.2) lib/action_dispatch/middleware/flash.rb:241:in `call'
  rack (1.5.2) lib/rack/session/abstract/id.rb:225:in `context'
  rack (1.5.2) lib/rack/session/abstract/id.rb:220:in `call'
  actionpack (4.0.2) lib/action_dispatch/middleware/cookies.rb:486:in `call'
  activerecord (4.0.2) lib/active_record/query_cache.rb:36:in `call'
  activerecord (4.0.2) lib/active_record/connection_adapters/abstract/connection_pool.rb:626:in `call'
  actionpack (4.0.2) lib/action_dispatch/middleware/callbacks.rb:29:in `block in call'
  activesupport (4.0.2) lib/active_support/callbacks.rb:373:in `_run__1772999123514989054__call__callbacks'
  activesupport (4.0.2) lib/active_support/callbacks.rb:80:in `run_callbacks'
  actionpack (4.0.2) lib/action_dispatch/middleware/callbacks.rb:27:in `call'
  actionpack (4.0.2) lib/action_dispatch/middleware/remote_ip.rb:76:in `call'
  actionpack (4.0.2) lib/action_dispatch/middleware/debug_exceptions.rb:17:in `call'
  actionpack (4.0.2) lib/action_dispatch/middleware/show_exceptions.rb:30:in `call'
  railties (4.0.2) lib/rails/rack/logger.rb:38:in `call_app'
  railties (4.0.2) lib/rails/rack/logger.rb:20:in `block in call'
  activesupport (4.0.2) lib/active_support/tagged_logging.rb:67:in `block in tagged'
  activesupport (4.0.2) lib/active_support/tagged_logging.rb:25:in `tagged'
  activesupport (4.0.2) lib/active_support/tagged_logging.rb:67:in `tagged'
  railties (4.0.2) lib/rails/rack/logger.rb:20:in `call'
  actionpack (4.0.2) lib/action_dispatch/middleware/request_id.rb:21:in `call'
  rack (1.5.2) lib/rack/methodoverride.rb:21:in `call'
  rack (1.5.2) lib/rack/runtime.rb:17:in `call'
  activesupport (4.0.2) lib/active_support/cache/strategy/local_cache.rb:83:in `call'
  rack (1.5.2) lib/rack/sendfile.rb:112:in `call'
  railties (4.0.2) lib/rails/engine.rb:511:in `call'
  railties (4.0.2) lib/rails/application.rb:97:in `call'
  unicorn (4.8.3) lib/unicorn/http_server.rb:576:in `process_client'
  unicorn (4.8.3) lib/unicorn/http_server.rb:670:in `worker_loop'
  unicorn (4.8.3) lib/unicorn/http_server.rb:525:in `spawn_missing_workers'
  unicorn (4.8.3) lib/unicorn/http_server.rb:140:in `start'
  unicorn (4.8.3) bin/unicorn:126:in `<top (required)>'
  /usr/local/rvm/gems/ruby-2.1.3/bin/unicorn:23:in `load'
  /usr/local/rvm/gems/ruby-2.1.3/bin/unicorn:23:in `<main>'
  /usr/local/rvm/gems/ruby-2.0.0-p353/bin/ruby_executable_hooks:15:in `eval'
  /usr/local/rvm/gems/ruby-2.0.0-p353/bin/ruby_executable_hooks:15:in `<main>'


I, [2015-03-15T17:42:13.143594 #18115]  INFO -- : Started POST "/access_points" for 127.0.0.1 at 2015-03-15 17:42:13 +0000
I, [2015-03-15T17:42:13.157733 #18115]  INFO -- : Processing by AccessPointsController#create as */*
I, [2015-03-15T17:42:13.157932 #18115]  INFO -- :   Parameters: {"access_point"=>{"id"=>"0", "location"=>"Stuff"}}
W, [2015-03-15T17:42:13.171684 #18115]  WARN -- : Can't verify CSRF token authenticity
I, [2015-03-15T17:42:13.172598 #18115]  INFO -- : Completed 422 Unprocessable Entity in 14ms
F, [2015-03-15T17:42:13.176469 #18115] FATAL -- : 
ActionController::InvalidAuthenticityToken (ActionController::InvalidAuthenticityToken):
  actionpack (4.0.2) lib/action_controller/metal/request_forgery_protection.rb:163:in `handle_unverified_request'
  actionpack (4.0.2) lib/action_controller/metal/request_forgery_protection.rb:170:in `handle_unverified_request'
  actionpack (4.0.2) lib/action_controller/metal/request_forgery_protection.rb:177:in `verify_authenticity_token'
  activesupport (4.0.2) lib/active_support/callbacks.rb:377:in `_run__3156984134126342330__process_action__callbacks'
  activesupport (4.0.2) lib/active_support/callbacks.rb:80:in `run_callbacks'
  actionpack (4.0.2) lib/abstract_controller/callbacks.rb:17:in `process_action'
  actionpack (4.0.2) lib/action_controller/metal/rescue.rb:29:in `process_action'
  actionpack (4.0.2) lib/action_controller/metal/instrumentation.rb:31:in `block in process_action'
  activesupport (4.0.2) lib/active_support/notifications.rb:159:in `block in instrument'
  activesupport (4.0.2) lib/active_support/notifications/instrumenter.rb:20:in `instrument'
  activesupport (4.0.2) lib/active_support/notifications.rb:159:in `instrument'
  actionpack (4.0.2) lib/action_controller/metal/instrumentation.rb:30:in `process_action'
  actionpack (4.0.2) lib/action_controller/metal/params_wrapper.rb:245:in `process_action'
  activerecord (4.0.2) lib/active_record/railties/controller_runtime.rb:18:in `process_action'
  actionpack (4.0.2) lib/abstract_controller/base.rb:136:in `process'
  actionpack (4.0.2) lib/abstract_controller/rendering.rb:44:in `process'
  actionpack (4.0.2) lib/action_controller/metal.rb:195:in `dispatch'
  actionpack (4.0.2) lib/action_controller/metal/rack_delegation.rb:13:in `dispatch'
  actionpack (4.0.2) lib/action_controller/metal.rb:231:in `block in action'
  actionpack (4.0.2) lib/action_dispatch/routing/route_set.rb:80:in `call'
  actionpack (4.0.2) lib/action_dispatch/routing/route_set.rb:80:in `dispatch'
  actionpack (4.0.2) lib/action_dispatch/routing/route_set.rb:48:in `call'
  actionpack (4.0.2) lib/action_dispatch/journey/router.rb:71:in `block in call'
  actionpack (4.0.2) lib/action_dispatch/journey/router.rb:59:in `each'
  actionpack (4.0.2) lib/action_dispatch/journey/router.rb:59:in `call'
  actionpack (4.0.2) lib/action_dispatch/routing/route_set.rb:680:in `call'
  rack (1.5.2) lib/rack/etag.rb:23:in `call'
  rack (1.5.2) lib/rack/conditionalget.rb:35:in `call'
  rack (1.5.2) lib/rack/head.rb:11:in `call'
  actionpack (4.0.2) lib/action_dispatch/middleware/params_parser.rb:27:in `call'
  actionpack (4.0.2) lib/action_dispatch/middleware/flash.rb:241:in `call'
  rack (1.5.2) lib/rack/session/abstract/id.rb:225:in `context'
  rack (1.5.2) lib/rack/session/abstract/id.rb:220:in `call'
  actionpack (4.0.2) lib/action_dispatch/middleware/cookies.rb:486:in `call'
  activerecord (4.0.2) lib/active_record/query_cache.rb:36:in `call'
  activerecord (4.0.2) lib/active_record/connection_adapters/abstract/connection_pool.rb:626:in `call'
  actionpack (4.0.2) lib/action_dispatch/middleware/callbacks.rb:29:in `block in call'
  activesupport (4.0.2) lib/active_support/callbacks.rb:373:in `_run__1772999123514989054__call__callbacks'
  activesupport (4.0.2) lib/active_support/callbacks.rb:80:in `run_callbacks'
  actionpack (4.0.2) lib/action_dispatch/middleware/callbacks.rb:27:in `call'
  actionpack (4.0.2) lib/action_dispatch/middleware/remote_ip.rb:76:in `call'
  actionpack (4.0.2) lib/action_dispatch/middleware/debug_exceptions.rb:17:in `call'
  actionpack (4.0.2) lib/action_dispatch/middleware/show_exceptions.rb:30:in `call'
  railties (4.0.2) lib/rails/rack/logger.rb:38:in `call_app'
  railties (4.0.2) lib/rails/rack/logger.rb:20:in `block in call'
  activesupport (4.0.2) lib/active_support/tagged_logging.rb:67:in `block in tagged'
  activesupport (4.0.2) lib/active_support/tagged_logging.rb:25:in `tagged'
  activesupport (4.0.2) lib/active_support/tagged_logging.rb:67:in `tagged'
  railties (4.0.2) lib/rails/rack/logger.rb:20:in `call'
  actionpack (4.0.2) lib/action_dispatch/middleware/request_id.rb:21:in `call'
  rack (1.5.2) lib/rack/methodoverride.rb:21:in `call'
  rack (1.5.2) lib/rack/runtime.rb:17:in `call'
  activesupport (4.0.2) lib/active_support/cache/strategy/local_cache.rb:83:in `call'
  rack (1.5.2) lib/rack/sendfile.rb:112:in `call'
  railties (4.0.2) lib/rails/engine.rb:511:in `call'
  railties (4.0.2) lib/rails/application.rb:97:in `call'
  unicorn (4.8.3) lib/unicorn/http_server.rb:576:in `process_client'
  unicorn (4.8.3) lib/unicorn/http_server.rb:670:in `worker_loop'
  unicorn (4.8.3) lib/unicorn/http_server.rb:525:in `spawn_missing_workers'
  unicorn (4.8.3) lib/unicorn/http_server.rb:140:in `start'
  unicorn (4.8.3) bin/unicorn:126:in `<top (required)>'
  /usr/local/rvm/gems/ruby-2.1.3/bin/unicorn:23:in `load'
  /usr/local/rvm/gems/ruby-2.1.3/bin/unicorn:23:in `<main>'
  /usr/local/rvm/gems/ruby-2.0.0-p353/bin/ruby_executable_hooks:15:in `eval'
  /usr/local/rvm/gems/ruby-2.0.0-p353/bin/ruby_executable_hooks:15:in `<main>'


I, [2015-03-15T17:42:47.374031 #18123]  INFO -- : Started GET "/access_points" for 127.0.0.1 at 2015-03-15 17:42:47 +0000
I, [2015-03-15T17:42:47.378064 #18123]  INFO -- : Processing by AccessPointsController#index as */*
I, [2015-03-15T17:42:47.388948 #18123]  INFO -- :   Rendered access_points/index.html.erb within layouts/application (5.4ms)
I, [2015-03-15T17:42:47.390236 #18123]  INFO -- : Completed 200 OK in 12ms (Views: 10.3ms | ActiveRecord: 0.5ms)
I, [2015-03-15T17:43:08.975437 #18115]  INFO -- : Started GET "/access_points/new" for 127.0.0.1 at 2015-03-15 17:43:08 +0000
I, [2015-03-15T17:43:08.977810 #18115]  INFO -- : Processing by AccessPointsController#new as */*
I, [2015-03-15T17:43:09.027070 #18115]  INFO -- :   Rendered access_points/_form.html.erb (35.2ms)
I, [2015-03-15T17:43:09.027486 #18115]  INFO -- :   Rendered access_points/new.html.erb within layouts/application (41.5ms)
I, [2015-03-15T17:43:09.029289 #18115]  INFO -- : Completed 200 OK in 51ms (Views: 47.5ms | ActiveRecord: 1.2ms)
I, [2015-03-15T17:43:38.580896 #18123]  INFO -- : Started GET "/access_points.json" for 127.0.0.1 at 2015-03-15 17:43:38 +0000
I, [2015-03-15T17:43:38.582632 #18123]  INFO -- : Processing by AccessPointsController#index as JSON
I, [2015-03-15T17:43:38.590058 #18123]  INFO -- :   Rendered access_points/index.json.jbuilder (4.2ms)
I, [2015-03-15T17:43:38.590462 #18123]  INFO -- : Completed 200 OK in 8ms (Views: 6.8ms | ActiveRecord: 0.3ms)
I, [2015-03-15T17:44:49.906888 #18118]  INFO -- : Started POST "/access_points" for 127.0.0.1 at 2015-03-15 17:44:49 +0000
I, [2015-03-15T17:44:49.919405 #18118]  INFO -- : Processing by AccessPointsController#create as */*
W, [2015-03-15T17:44:49.928521 #18118]  WARN -- : Can't verify CSRF token authenticity
I, [2015-03-15T17:44:49.929156 #18118]  INFO -- : Completed 422 Unprocessable Entity in 9ms
F, [2015-03-15T17:44:49.931750 #18118] FATAL -- : 
ActionController::InvalidAuthenticityToken (ActionController::InvalidAuthenticityToken):
  actionpack (4.0.2) lib/action_controller/metal/request_forgery_protection.rb:163:in `handle_unverified_request'
  actionpack (4.0.2) lib/action_controller/metal/request_forgery_protection.rb:170:in `handle_unverified_request'
  actionpack (4.0.2) lib/action_controller/metal/request_forgery_protection.rb:177:in `verify_authenticity_token'
  activesupport (4.0.2) lib/active_support/callbacks.rb:377:in `_run__3156984134126342330__process_action__callbacks'
  activesupport (4.0.2) lib/active_support/callbacks.rb:80:in `run_callbacks'
  actionpack (4.0.2) lib/abstract_controller/callbacks.rb:17:in `process_action'
  actionpack (4.0.2) lib/action_controller/metal/rescue.rb:29:in `process_action'
  actionpack (4.0.2) lib/action_controller/metal/instrumentation.rb:31:in `block in process_action'
  activesupport (4.0.2) lib/active_support/notifications.rb:159:in `block in instrument'
  activesupport (4.0.2) lib/active_support/notifications/instrumenter.rb:20:in `instrument'
  activesupport (4.0.2) lib/active_support/notifications.rb:159:in `instrument'
  actionpack (4.0.2) lib/action_controller/metal/instrumentation.rb:30:in `process_action'
  actionpack (4.0.2) lib/action_controller/metal/params_wrapper.rb:245:in `process_action'
  activerecord (4.0.2) lib/active_record/railties/controller_runtime.rb:18:in `process_action'
  actionpack (4.0.2) lib/abstract_controller/base.rb:136:in `process'
  actionpack (4.0.2) lib/abstract_controller/rendering.rb:44:in `process'
  actionpack (4.0.2) lib/action_controller/metal.rb:195:in `dispatch'
  actionpack (4.0.2) lib/action_controller/metal/rack_delegation.rb:13:in `dispatch'
  actionpack (4.0.2) lib/action_controller/metal.rb:231:in `block in action'
  actionpack (4.0.2) lib/action_dispatch/routing/route_set.rb:80:in `call'
  actionpack (4.0.2) lib/action_dispatch/routing/route_set.rb:80:in `dispatch'
  actionpack (4.0.2) lib/action_dispatch/routing/route_set.rb:48:in `call'
  actionpack (4.0.2) lib/action_dispatch/journey/router.rb:71:in `block in call'
  actionpack (4.0.2) lib/action_dispatch/journey/router.rb:59:in `each'
  actionpack (4.0.2) lib/action_dispatch/journey/router.rb:59:in `call'
  actionpack (4.0.2) lib/action_dispatch/routing/route_set.rb:680:in `call'
  rack (1.5.2) lib/rack/etag.rb:23:in `call'
  rack (1.5.2) lib/rack/conditionalget.rb:35:in `call'
  rack (1.5.2) lib/rack/head.rb:11:in `call'
  actionpack (4.0.2) lib/action_dispatch/middleware/params_parser.rb:27:in `call'
  actionpack (4.0.2) lib/action_dispatch/middleware/flash.rb:241:in `call'
  rack (1.5.2) lib/rack/session/abstract/id.rb:225:in `context'
  rack (1.5.2) lib/rack/session/abstract/id.rb:220:in `call'
  actionpack (4.0.2) lib/action_dispatch/middleware/cookies.rb:486:in `call'
  activerecord (4.0.2) lib/active_record/query_cache.rb:36:in `call'
  activerecord (4.0.2) lib/active_record/connection_adapters/abstract/connection_pool.rb:626:in `call'
  actionpack (4.0.2) lib/action_dispatch/middleware/callbacks.rb:29:in `block in call'
  activesupport (4.0.2) lib/active_support/callbacks.rb:373:in `_run__1772999123514989054__call__callbacks'
  activesupport (4.0.2) lib/active_support/callbacks.rb:80:in `run_callbacks'
  actionpack (4.0.2) lib/action_dispatch/middleware/callbacks.rb:27:in `call'
  actionpack (4.0.2) lib/action_dispatch/middleware/remote_ip.rb:76:in `call'
  actionpack (4.0.2) lib/action_dispatch/middleware/debug_exceptions.rb:17:in `call'
  actionpack (4.0.2) lib/action_dispatch/middleware/show_exceptions.rb:30:in `call'
  railties (4.0.2) lib/rails/rack/logger.rb:38:in `call_app'
  railties (4.0.2) lib/rails/rack/logger.rb:20:in `block in call'
  activesupport (4.0.2) lib/active_support/tagged_logging.rb:67:in `block in tagged'
  activesupport (4.0.2) lib/active_support/tagged_logging.rb:25:in `tagged'
  activesupport (4.0.2) lib/active_support/tagged_logging.rb:67:in `tagged'
  railties (4.0.2) lib/rails/rack/logger.rb:20:in `call'
  actionpack (4.0.2) lib/action_dispatch/middleware/request_id.rb:21:in `call'
  rack (1.5.2) lib/rack/methodoverride.rb:21:in `call'
  rack (1.5.2) lib/rack/runtime.rb:17:in `call'
  activesupport (4.0.2) lib/active_support/cache/strategy/local_cache.rb:83:in `call'
  rack (1.5.2) lib/rack/sendfile.rb:112:in `call'
  railties (4.0.2) lib/rails/engine.rb:511:in `call'
  railties (4.0.2) lib/rails/application.rb:97:in `call'
  unicorn (4.8.3) lib/unicorn/http_server.rb:576:in `process_client'
  unicorn (4.8.3) lib/unicorn/http_server.rb:670:in `worker_loop'
  unicorn (4.8.3) lib/unicorn/http_server.rb:525:in `spawn_missing_workers'
  unicorn (4.8.3) lib/unicorn/http_server.rb:140:in `start'
  unicorn (4.8.3) bin/unicorn:126:in `<top (required)>'
  /usr/local/rvm/gems/ruby-2.1.3/bin/unicorn:23:in `load'
  /usr/local/rvm/gems/ruby-2.1.3/bin/unicorn:23:in `<main>'
  /usr/local/rvm/gems/ruby-2.0.0-p353/bin/ruby_executable_hooks:15:in `eval'
  /usr/local/rvm/gems/ruby-2.0.0-p353/bin/ruby_executable_hooks:15:in `<main>'


I, [2015-03-15T17:45:13.127293 #18211]  INFO -- : Started GET "/" for 82.2.92.239 at 2015-03-15 17:45:13 +0000
I, [2015-03-15T17:45:13.133724 #18211]  INFO -- : Processing by HomeController#index as HTML
I, [2015-03-15T17:45:13.145300 #18211]  INFO -- :   Rendered home/index.html.erb within layouts/application (1.4ms)
I, [2015-03-15T17:45:13.146772 #18211]  INFO -- : Completed 200 OK in 13ms (Views: 4.5ms | ActiveRecord: 0.0ms)
I, [2015-03-15T17:45:16.886247 #18214]  INFO -- : Started POST "/access_points" for 127.0.0.1 at 2015-03-15 17:45:16 +0000
I, [2015-03-15T17:45:16.897490 #18214]  INFO -- : Processing by AccessPointsController#create as */*
W, [2015-03-15T17:45:16.911475 #18214]  WARN -- : Can't verify CSRF token authenticity
I, [2015-03-15T17:45:16.912219 #18214]  INFO -- : Completed 422 Unprocessable Entity in 14ms
F, [2015-03-15T17:45:16.915822 #18214] FATAL -- : 
ActionController::InvalidAuthenticityToken (ActionController::InvalidAuthenticityToken):
  actionpack (4.0.2) lib/action_controller/metal/request_forgery_protection.rb:163:in `handle_unverified_request'
  actionpack (4.0.2) lib/action_controller/metal/request_forgery_protection.rb:170:in `handle_unverified_request'
  actionpack (4.0.2) lib/action_controller/metal/request_forgery_protection.rb:177:in `verify_authenticity_token'
  activesupport (4.0.2) lib/active_support/callbacks.rb:377:in `_run__2913822028700469514__process_action__callbacks'
  activesupport (4.0.2) lib/active_support/callbacks.rb:80:in `run_callbacks'
  actionpack (4.0.2) lib/abstract_controller/callbacks.rb:17:in `process_action'
  actionpack (4.0.2) lib/action_controller/metal/rescue.rb:29:in `process_action'
  actionpack (4.0.2) lib/action_controller/metal/instrumentation.rb:31:in `block in process_action'
  activesupport (4.0.2) lib/active_support/notifications.rb:159:in `block in instrument'
  activesupport (4.0.2) lib/active_support/notifications/instrumenter.rb:20:in `instrument'
